iter = 0, Function value: 36.037,  Residual: 0.57773   Constraint: 0.00153606 
iter = 0, Function value: 36.0417,  Residual: 0.577734   Constraint: 4.9241e-09 
iter = 1, Function value: 13.9146,  Residual: 0.401588   Constraint: 0.149306 
Convergence in 1 iterations
Elapsed time = 6.65693
KSP Iterations = 224
KSP iterations within initialization: 135
Total KSP iterations over 1 trial(s): 359
KSP iterations per trial: 224
TAO failed to converge.
