iter = 0, Function value 1, Residual: 2.000000 
iter = 1, Function value 0.773446, Residual: 6.077541 
iter = 2, Function value 0.648599, Residual: 3.226191 
iter = 3, Function value 0.560405, Residual: 5.471109 
iter = 4, Function value 0.379185, Residual: 3.011633 
iter = 5, Function value 0.280758, Residual: 2.686404 
