DM Object:Simplicial Mesh 8 MPI processes
  type: plex
\documentclass[crop,multi=false]{standalone}
\usepackage{tikz}
\usepackage{pgflibraryshapes}
\usetikzlibrary{backgrounds}
\usetikzlibrary{arrows}
\begin{document}
\vbox{
Simplicial Mesh for process {\textcolor{red}0}, {\textcolor{blue}1}, {\textcolor{green}2}, {\textcolor{red}3}, {\textcolor{blue}4}, {\textcolor{green}5}, {\textcolor{red}6}, and {\textcolor{blue}7}.
\begin{tikzpicture}[scale = 4,font=\fontsize{8}{8}\selectfont]
\path
(0,0) node(4_0) [draw,shape=circle,color=red] {4} --
(0,1) node(5_0) [draw,shape=circle,color=red] {5} --
(1,0) node(6_0) [draw,shape=circle,color=red] {6} --
(2,0) node(7_0) [draw,shape=circle,color=red] {7} --
(1,1) node(8_0) [draw,shape=circle,color=red] {8} --
(0,2) node(9_0) [draw,shape=circle,color=red] {9} --
(0,0) node(7_1) [draw,shape=circle,color=blue] {7} --
(0,1) node(8_1) [draw,shape=circle,color=blue] {8} --
(1,0) node(9_1) [draw,shape=circle,color=blue] {9} --
(2,0) node(10_1) [draw,shape=circle,color=blue] {10} --
(2,1) node(11_1) [draw,shape=circle,color=blue] {11} --
(1,1) node(12_1) [draw,shape=circle,color=blue] {12} --
(0,2) node(13_1) [draw,shape=circle,color=blue] {13} --
(1,2) node(14_1) [draw,shape=circle,color=blue] {14} --
(0,0) node(7_2) [draw,shape=circle,color=green] {7} --
(0,1) node(8_2) [draw,shape=circle,color=green] {8} --
(1,0) node(9_2) [draw,shape=circle,color=green] {9} --
(2,0) node(10_2) [draw,shape=circle,color=green] {10} --
(2,1) node(11_2) [draw,shape=circle,color=green] {11} --
(1,1) node(12_2) [draw,shape=circle,color=green] {12} --
(0,2) node(13_2) [draw,shape=circle,color=green] {13} --
(1,2) node(14_2) [draw,shape=circle,color=green] {14} --
(0,1) node(7_3) [draw,shape=circle,color=red] {7} --
(1,0) node(8_3) [draw,shape=circle,color=red] {8} --
(2,0) node(9_3) [draw,shape=circle,color=red] {9} --
(2,2) node(10_3) [draw,shape=circle,color=red] {10} --
(2,1) node(11_3) [draw,shape=circle,color=red] {11} --
(1,1) node(12_3) [draw,shape=circle,color=red] {12} --
(0,2) node(13_3) [draw,shape=circle,color=red] {13} --
(1,2) node(14_3) [draw,shape=circle,color=red] {14} --
(0,0) node(7_4) [draw,shape=circle,color=blue] {7} --
(0,1) node(8_4) [draw,shape=circle,color=blue] {8} --
(1,0) node(9_4) [draw,shape=circle,color=blue] {9} --
(2,0) node(10_4) [draw,shape=circle,color=blue] {10} --
(2,1) node(11_4) [draw,shape=circle,color=blue] {11} --
(1,1) node(12_4) [draw,shape=circle,color=blue] {12} --
(0,2) node(13_4) [draw,shape=circle,color=blue] {13} --
(1,2) node(14_4) [draw,shape=circle,color=blue] {14} --
(2,0) node(4_5) [draw,shape=circle,color=green] {4} --
(2,2) node(5_5) [draw,shape=circle,color=green] {5} --
(2,1) node(6_5) [draw,shape=circle,color=green] {6} --
(1,1) node(7_5) [draw,shape=circle,color=green] {7} --
(0,2) node(8_5) [draw,shape=circle,color=green] {8} --
(1,2) node(9_5) [draw,shape=circle,color=green] {9} --
(0,1) node(7_6) [draw,shape=circle,color=red] {7} --
(1,0) node(8_6) [draw,shape=circle,color=red] {8} --
(2,0) node(9_6) [draw,shape=circle,color=red] {9} --
(2,2) node(10_6) [draw,shape=circle,color=red] {10} --
(2,1) node(11_6) [draw,shape=circle,color=red] {11} --
(1,1) node(12_6) [draw,shape=circle,color=red] {12} --
(0,2) node(13_6) [draw,shape=circle,color=red] {13} --
(1,2) node(14_6) [draw,shape=circle,color=red] {14} --
(0,1) node(7_7) [draw,shape=circle,color=blue] {7} --
(1,0) node(8_7) [draw,shape=circle,color=blue] {8} --
(2,0) node(9_7) [draw,shape=circle,color=blue] {9} --
(2,2) node(10_7) [draw,shape=circle,color=blue] {10} --
(2,1) node(11_7) [draw,shape=circle,color=blue] {11} --
(1,1) node(12_7) [draw,shape=circle,color=blue] {12} --
(0,2) node(13_7) [draw,shape=circle,color=blue] {13} --
(1,2) node(14_7) [draw,shape=circle,color=blue] {14} --
(0,0);
\path
(0.5,0) node(10_0) [draw,shape=circle,color=red] {10} --
(0,0.5) node(11_0) [draw,shape=circle,color=red] {11} --
(0,1.5) node(12_0) [draw,shape=circle,color=red] {12} --
(0.5,0.5) node(13_0) [draw,shape=circle,color=red] {13} --
(0.5,1) node(14_0) [draw,shape=circle,color=red] {14} --
(1,0.5) node(15_0) [draw,shape=circle,color=red] {15} --
(1.5,0.5) node(16_0) [draw,shape=circle,color=red] {16} --
(1.5,0) node(17_0) [draw,shape=circle,color=red] {17} --
(0.5,1.5) node(18_0) [draw,shape=circle,color=red] {18} --
(0.5,0) node(15_1) [draw,shape=circle,color=blue] {15} --
(0,0.5) node(16_1) [draw,shape=circle,color=blue] {16} --
(0,1.5) node(17_1) [draw,shape=circle,color=blue] {17} --
(0.5,0.5) node(18_1) [draw,shape=circle,color=blue] {18} --
(0.5,1) node(19_1) [draw,shape=circle,color=blue] {19} --
(2,0.5) node(20_1) [draw,shape=circle,color=blue] {20} --
(1,0.5) node(21_1) [draw,shape=circle,color=blue] {21} --
(1.5,0.5) node(22_1) [draw,shape=circle,color=blue] {22} --
(1.5,0) node(23_1) [draw,shape=circle,color=blue] {23} --
(1.5,1) node(24_1) [draw,shape=circle,color=blue] {24} --
(1.5,1.5) node(25_1) [draw,shape=circle,color=blue] {25} --
(0.5,1.5) node(26_1) [draw,shape=circle,color=blue] {26} --
(1,1.5) node(27_1) [draw,shape=circle,color=blue] {27} --
(0.5,2) node(28_1) [draw,shape=circle,color=blue] {28} --
(0.5,0) node(15_2) [draw,shape=circle,color=green] {15} --
(0,0.5) node(16_2) [draw,shape=circle,color=green] {16} --
(0,1.5) node(17_2) [draw,shape=circle,color=green] {17} --
(0.5,0.5) node(18_2) [draw,shape=circle,color=green] {18} --
(0.5,1) node(19_2) [draw,shape=circle,color=green] {19} --
(2,0.5) node(20_2) [draw,shape=circle,color=green] {20} --
(1,0.5) node(21_2) [draw,shape=circle,color=green] {21} --
(1.5,0.5) node(22_2) [draw,shape=circle,color=green] {22} --
(1.5,0) node(23_2) [draw,shape=circle,color=green] {23} --
(1.5,1) node(24_2) [draw,shape=circle,color=green] {24} --
(1.5,1.5) node(25_2) [draw,shape=circle,color=green] {25} --
(0.5,1.5) node(26_2) [draw,shape=circle,color=green] {26} --
(1,1.5) node(27_2) [draw,shape=circle,color=green] {27} --
(0.5,2) node(28_2) [draw,shape=circle,color=green] {28} --
(0,1.5) node(15_3) [draw,shape=circle,color=red] {15} --
(0.5,0.5) node(16_3) [draw,shape=circle,color=red] {16} --
(0.5,1) node(17_3) [draw,shape=circle,color=red] {17} --
(2,0.5) node(18_3) [draw,shape=circle,color=red] {18} --
(1,0.5) node(19_3) [draw,shape=circle,color=red] {19} --
(1.5,0.5) node(20_3) [draw,shape=circle,color=red] {20} --
(1.5,0) node(21_3) [draw,shape=circle,color=red] {21} --
(2,1.5) node(22_3) [draw,shape=circle,color=red] {22} --
(1.5,2) node(23_3) [draw,shape=circle,color=red] {23} --
(1.5,1) node(24_3) [draw,shape=circle,color=red] {24} --
(1.5,1.5) node(25_3) [draw,shape=circle,color=red] {25} --
(0.5,1.5) node(26_3) [draw,shape=circle,color=red] {26} --
(1,1.5) node(27_3) [draw,shape=circle,color=red] {27} --
(0.5,2) node(28_3) [draw,shape=circle,color=red] {28} --
(0.5,0) node(15_4) [draw,shape=circle,color=blue] {15} --
(0,0.5) node(16_4) [draw,shape=circle,color=blue] {16} --
(0,1.5) node(17_4) [draw,shape=circle,color=blue] {17} --
(0.5,0.5) node(18_4) [draw,shape=circle,color=blue] {18} --
(0.5,1) node(19_4) [draw,shape=circle,color=blue] {19} --
(2,0.5) node(20_4) [draw,shape=circle,color=blue] {20} --
(1,0.5) node(21_4) [draw,shape=circle,color=blue] {21} --
(1.5,0.5) node(22_4) [draw,shape=circle,color=blue] {22} --
(1.5,0) node(23_4) [draw,shape=circle,color=blue] {23} --
(1.5,1) node(24_4) [draw,shape=circle,color=blue] {24} --
(1.5,1.5) node(25_4) [draw,shape=circle,color=blue] {25} --
(0.5,1.5) node(26_4) [draw,shape=circle,color=blue] {26} --
(1,1.5) node(27_4) [draw,shape=circle,color=blue] {27} --
(0.5,2) node(28_4) [draw,shape=circle,color=blue] {28} --
(2,0.5) node(10_5) [draw,shape=circle,color=green] {10} --
(1.5,0.5) node(11_5) [draw,shape=circle,color=green] {11} --
(2,1.5) node(12_5) [draw,shape=circle,color=green] {12} --
(1.5,2) node(13_5) [draw,shape=circle,color=green] {13} --
(1.5,1) node(14_5) [draw,shape=circle,color=green] {14} --
(1.5,1.5) node(15_5) [draw,shape=circle,color=green] {15} --
(0.5,1.5) node(16_5) [draw,shape=circle,color=green] {16} --
(1,1.5) node(17_5) [draw,shape=circle,color=green] {17} --
(0.5,2) node(18_5) [draw,shape=circle,color=green] {18} --
(0,1.5) node(15_6) [draw,shape=circle,color=red] {15} --
(0.5,0.5) node(16_6) [draw,shape=circle,color=red] {16} --
(0.5,1) node(17_6) [draw,shape=circle,color=red] {17} --
(2,0.5) node(18_6) [draw,shape=circle,color=red] {18} --
(1,0.5) node(19_6) [draw,shape=circle,color=red] {19} --
(1.5,0.5) node(20_6) [draw,shape=circle,color=red] {20} --
(1.5,0) node(21_6) [draw,shape=circle,color=red] {21} --
(2,1.5) node(22_6) [draw,shape=circle,color=red] {22} --
(1.5,2) node(23_6) [draw,shape=circle,color=red] {23} --
(1.5,1) node(24_6) [draw,shape=circle,color=red] {24} --
(1.5,1.5) node(25_6) [draw,shape=circle,color=red] {25} --
(0.5,1.5) node(26_6) [draw,shape=circle,color=red] {26} --
(1,1.5) node(27_6) [draw,shape=circle,color=red] {27} --
(0.5,2) node(28_6) [draw,shape=circle,color=red] {28} --
(0,1.5) node(15_7) [draw,shape=circle,color=blue] {15} --
(0.5,0.5) node(16_7) [draw,shape=circle,color=blue] {16} --
(0.5,1) node(17_7) [draw,shape=circle,color=blue] {17} --
(2,0.5) node(18_7) [draw,shape=circle,color=blue] {18} --
(1,0.5) node(19_7) [draw,shape=circle,color=blue] {19} --
(1.5,0.5) node(20_7) [draw,shape=circle,color=blue] {20} --
(1.5,0) node(21_7) [draw,shape=circle,color=blue] {21} --
(2,1.5) node(22_7) [draw,shape=circle,color=blue] {22} --
(1.5,2) node(23_7) [draw,shape=circle,color=blue] {23} --
(1.5,1) node(24_7) [draw,shape=circle,color=blue] {24} --
(1.5,1.5) node(25_7) [draw,shape=circle,color=blue] {25} --
(0.5,1.5) node(26_7) [draw,shape=circle,color=blue] {26} --
(1,1.5) node(27_7) [draw,shape=circle,color=blue] {27} --
(0.5,2) node(28_7) [draw,shape=circle,color=blue] {28} --
(0,0);
\draw[color=red] (4_0) -- (6_0) -- (5_0) -- (4_0);
\draw[color=red] (8_0) -- (9_0) -- (5_0) -- (8_0);
\draw[color=red] (5_0) -- (6_0) -- (8_0) -- (5_0);
\draw[color=red] (7_0) -- (8_0) -- (6_0) -- (7_0);
\draw[color=blue] (7_1) -- (9_1) -- (8_1) -- (7_1);
\draw[color=blue] (12_1) -- (13_1) -- (8_1) -- (12_1);
\draw[color=blue] (8_1) -- (9_1) -- (12_1) -- (8_1);
\draw[color=blue] (12_1) -- (10_1) -- (11_1) -- (12_1);
\draw[color=blue] (10_1) -- (12_1) -- (9_1) -- (10_1);
\draw[color=blue] (11_1) -- (14_1) -- (12_1) -- (11_1);
\draw[color=blue] (12_1) -- (14_1) -- (13_1) -- (12_1);
\draw[color=green] (7_2) -- (9_2) -- (8_2) -- (7_2);
\draw[color=green] (12_2) -- (13_2) -- (8_2) -- (12_2);
\draw[color=green] (8_2) -- (9_2) -- (12_2) -- (8_2);
\draw[color=green] (12_2) -- (10_2) -- (11_2) -- (12_2);
\draw[color=green] (10_2) -- (12_2) -- (9_2) -- (10_2);
\draw[color=green] (11_2) -- (14_2) -- (12_2) -- (11_2);
\draw[color=green] (12_2) -- (14_2) -- (13_2) -- (12_2);
\draw[color=red] (12_3) -- (13_3) -- (7_3) -- (12_3);
\draw[color=red] (7_3) -- (8_3) -- (12_3) -- (7_3);
\draw[color=red] (12_3) -- (9_3) -- (11_3) -- (12_3);
\draw[color=red] (9_3) -- (12_3) -- (8_3) -- (9_3);
\draw[color=red] (14_3) -- (11_3) -- (10_3) -- (14_3);
\draw[color=red] (11_3) -- (14_3) -- (12_3) -- (11_3);
\draw[color=red] (12_3) -- (14_3) -- (13_3) -- (12_3);
\draw[color=blue] (7_4) -- (9_4) -- (8_4) -- (7_4);
\draw[color=blue] (12_4) -- (13_4) -- (8_4) -- (12_4);
\draw[color=blue] (8_4) -- (9_4) -- (12_4) -- (8_4);
\draw[color=blue] (12_4) -- (10_4) -- (11_4) -- (12_4);
\draw[color=blue] (10_4) -- (12_4) -- (9_4) -- (10_4);
\draw[color=blue] (11_4) -- (14_4) -- (12_4) -- (11_4);
\draw[color=blue] (12_4) -- (14_4) -- (13_4) -- (12_4);
\draw[color=green] (7_5) -- (4_5) -- (6_5) -- (7_5);
\draw[color=green] (9_5) -- (6_5) -- (5_5) -- (9_5);
\draw[color=green] (6_5) -- (9_5) -- (7_5) -- (6_5);
\draw[color=green] (7_5) -- (9_5) -- (8_5) -- (7_5);
\draw[color=red] (12_6) -- (13_6) -- (7_6) -- (12_6);
\draw[color=red] (7_6) -- (8_6) -- (12_6) -- (7_6);
\draw[color=red] (12_6) -- (9_6) -- (11_6) -- (12_6);
\draw[color=red] (9_6) -- (12_6) -- (8_6) -- (9_6);
\draw[color=red] (14_6) -- (11_6) -- (10_6) -- (14_6);
\draw[color=red] (11_6) -- (14_6) -- (12_6) -- (11_6);
\draw[color=red] (12_6) -- (14_6) -- (13_6) -- (12_6);
\draw[color=blue] (12_7) -- (13_7) -- (7_7) -- (12_7);
\draw[color=blue] (7_7) -- (8_7) -- (12_7) -- (7_7);
\draw[color=blue] (12_7) -- (9_7) -- (11_7) -- (12_7);
\draw[color=blue] (9_7) -- (12_7) -- (8_7) -- (9_7);
\draw[color=blue] (14_7) -- (11_7) -- (10_7) -- (14_7);
\draw[color=blue] (11_7) -- (14_7) -- (12_7) -- (11_7);
\draw[color=blue] (12_7) -- (14_7) -- (13_7) -- (12_7);
\end{tikzpicture}
}
\end{document}