DM Object:Parallel Mesh 2 MPI processes
  type: plex
Parallel Mesh in 2 dimensions:
  0-cells: 19 19
  1-cells: 41 41
  2-cells: 23 23
Labels:
  marker: 2 strata of sizes (21, 11)
  depth: 3 strata of sizes (19, 41, 23)
DM Object:Simplicial Mesh 2 MPI processes
  type: plex
\documentclass[tikz]{standalone}
\usepackage{pgflibraryshapes}
\usetikzlibrary{backgrounds}
\usetikzlibrary{arrows}
\begin{document}
Simplicial Mesh for process {\textcolor{gray}0}, and {\textcolor{orange}1}.
\begin{tikzpicture}[scale = 1,font=\fontsize{8}{8}\selectfont]
\path (2,0) node(23_0) [draw,shape=circle,color=gray] {23};
\path (1,1) node(24_0) [draw,shape=circle,color=gray] {24};
\path (2,1) node(25_0) [draw,shape=circle,color=gray] {25};
\path (0,2) node(26_0) [draw,shape=circle,color=gray] {26};
\path (1,2) node(27_0) [draw,shape=circle,color=gray] {27};
\path (2,2) node(28_0) [draw,shape=circle,color=gray] {28};
\path (0.5,1.5) node(29_0) [draw,shape=circle,color=gray] {29};
\path (1.5,0.5) node(30_0) [draw,shape=circle,color=gray] {30};
\path (2,0.5) node(31_0) [draw,shape=circle,color=gray] {31};
\path (1.5,1) node(32_0) [draw,shape=circle,color=gray] {32};
\path (1.5,1.5) node(33_0) [draw,shape=circle,color=gray] {33};
\path (2,1.5) node(34_0) [draw,shape=circle,color=gray] {34};
\path (1.5,2) node(35_0) [draw,shape=circle,color=gray] {35};
\path (1,1.5) node(36_0) [draw,shape=circle,color=gray] {36};
\path (0.5,2) node(37_0) [draw,shape=circle,color=gray] {37};
\path (0,1.5) node(38_0) [draw,shape=circle,color=gray] {38};
\path (0.5,1) node(39_0) [draw,shape=circle,color=gray] {39};
\path (1,0.5) node(40_0) [draw,shape=circle,color=gray] {40};
\path (1.5,0) node(41_0) [draw,shape=circle,color=gray] {41};
\path (0,0) node(23_1) [draw,shape=circle,color=orange] {23};
\path (1,0) node(24_1) [draw,shape=circle,color=orange] {24};
\path (2,0) node(25_1) [draw,shape=circle,color=orange] {25};
\path (0,1) node(26_1) [draw,shape=circle,color=orange] {26};
\path (1,1) node(27_1) [draw,shape=circle,color=orange] {27};
\path (0,2) node(28_1) [draw,shape=circle,color=orange] {28};
\path (0.5,0) node(29_1) [draw,shape=circle,color=orange] {29};
\path (0.5,0.5) node(30_1) [draw,shape=circle,color=orange] {30};
\path (0,0.5) node(31_1) [draw,shape=circle,color=orange] {31};
\path (0.5,1.5) node(32_1) [draw,shape=circle,color=orange] {32};
\path (0,1.5) node(33_1) [draw,shape=circle,color=orange] {33};
\path (0.5,1) node(34_1) [draw,shape=circle,color=orange] {34};
\path (1,0.5) node(35_1) [draw,shape=circle,color=orange] {35};
\path (1.5,0.5) node(36_1) [draw,shape=circle,color=orange] {36};
\path (1.5,0) node(37_1) [draw,shape=circle,color=orange] {37};
\path (2,0.5) node(38_1) [draw,shape=circle,color=orange] {38};
\path (1.5,1) node(39_1) [draw,shape=circle,color=orange] {39};
\path (1,1.5) node(40_1) [draw,shape=circle,color=orange] {40};
\path (0.5,2) node(41_1) [draw,shape=circle,color=orange] {41};
\path
(1.5,2.5) node(42_0) [draw,shape=circle,color=gray] {42} --
(0.5,3.5) node(43_0) [draw,shape=circle,color=gray] {43} --
(2.5,1.5) node(44_0) [draw,shape=circle,color=gray] {44} --
(3.5,0.5) node(45_0) [draw,shape=circle,color=gray] {45} --
(4,0.5) node(46_0) [draw,shape=circle,color=gray] {46} --
(4,1.5) node(47_0) [draw,shape=circle,color=gray] {47} --
(3.5,2) node(48_0) [draw,shape=circle,color=gray] {48} --
(2.5,2) node(49_0) [draw,shape=circle,color=gray] {49} --
(2.5,3.5) node(50_0) [draw,shape=circle,color=gray] {50} --
(3.5,2.5) node(51_0) [draw,shape=circle,color=gray] {51} --
(4,2.5) node(52_0) [draw,shape=circle,color=gray] {52} --
(4,3.5) node(53_0) [draw,shape=circle,color=gray] {53} --
(3.5,4) node(54_0) [draw,shape=circle,color=gray] {54} --
(2.5,4) node(55_0) [draw,shape=circle,color=gray] {55} --
(2,3.5) node(56_0) [draw,shape=circle,color=gray] {56} --
(2,2.5) node(57_0) [draw,shape=circle,color=gray] {57} --
(1.5,4) node(58_0) [draw,shape=circle,color=gray] {58} --
(0.5,4) node(59_0) [draw,shape=circle,color=gray] {59} --
(3.5,1) node(60_0) [draw,shape=circle,color=gray] {60} --
(3.5,1.5) node(61_0) [draw,shape=circle,color=gray] {61} --
(3,1.5) node(62_0) [draw,shape=circle,color=gray] {62} --
(3.5,3) node(63_0) [draw,shape=circle,color=gray] {63} --
(3.5,3.5) node(64_0) [draw,shape=circle,color=gray] {64} --
(3,3.5) node(65_0) [draw,shape=circle,color=gray] {65} --
(2.5,3) node(66_0) [draw,shape=circle,color=gray] {66} --
(2.5,2.5) node(67_0) [draw,shape=circle,color=gray] {67} --
(3,2.5) node(68_0) [draw,shape=circle,color=gray] {68} --
(1.5,3.5) node(69_0) [draw,shape=circle,color=gray] {69} --
(1,3.5) node(70_0) [draw,shape=circle,color=gray] {70} --
(1.5,3) node(71_0) [draw,shape=circle,color=gray] {71} --
(0,3.5) node(72_0) [draw,shape=circle,color=gray] {72} --
(1.5,2) node(73_0) [draw,shape=circle,color=gray] {73} --
(2,1.5) node(74_0) [draw,shape=circle,color=gray] {74} --
(3.5,0) node(75_0) [draw,shape=circle,color=gray] {75} --
(0.5,3) node(76_0) [draw,shape=circle,color=gray] {76} --
(0.5,2.5) node(77_0) [draw,shape=circle,color=gray] {77} --
(1,2.5) node(78_0) [draw,shape=circle,color=gray] {78} --
(1.5,1.5) node(79_0) [draw,shape=circle,color=gray] {79} --
(2.5,1) node(80_0) [draw,shape=circle,color=gray] {80} --
(2.5,0.5) node(81_0) [draw,shape=circle,color=gray] {81} --
(3,0.5) node(82_0) [draw,shape=circle,color=gray] {82} --
(0.5,0) node(42_1) [draw,shape=circle,color=orange] {42} --
(1.5,0) node(43_1) [draw,shape=circle,color=orange] {43} --
(1.5,0.5) node(44_1) [draw,shape=circle,color=orange] {44} --
(0.5,1.5) node(45_1) [draw,shape=circle,color=orange] {45} --
(0,1.5) node(46_1) [draw,shape=circle,color=orange] {46} --
(0,0.5) node(47_1) [draw,shape=circle,color=orange] {47} --
(1.5,2.5) node(48_1) [draw,shape=circle,color=orange] {48} --
(0.5,3.5) node(49_1) [draw,shape=circle,color=orange] {49} --
(0,3.5) node(50_1) [draw,shape=circle,color=orange] {50} --
(0,2.5) node(51_1) [draw,shape=circle,color=orange] {51} --
(0.5,2) node(52_1) [draw,shape=circle,color=orange] {52} --
(1.5,2) node(53_1) [draw,shape=circle,color=orange] {53} --
(2,0.5) node(54_1) [draw,shape=circle,color=orange] {54} --
(2,1.5) node(55_1) [draw,shape=circle,color=orange] {55} --
(2.5,1.5) node(56_1) [draw,shape=circle,color=orange] {56} --
(3.5,0.5) node(57_1) [draw,shape=circle,color=orange] {57} --
(2.5,0) node(58_1) [draw,shape=circle,color=orange] {58} --
(3.5,0) node(59_1) [draw,shape=circle,color=orange] {59} --
(1,0.5) node(60_1) [draw,shape=circle,color=orange] {60} --
(0.5,1) node(61_1) [draw,shape=circle,color=orange] {61} --
(0.5,0.5) node(62_1) [draw,shape=circle,color=orange] {62} --
(0.5,3) node(63_1) [draw,shape=circle,color=orange] {63} --
(0.5,2.5) node(64_1) [draw,shape=circle,color=orange] {64} --
(1,2.5) node(65_1) [draw,shape=circle,color=orange] {65} --
(1.5,1) node(66_1) [draw,shape=circle,color=orange] {66} --
(1.5,1.5) node(67_1) [draw,shape=circle,color=orange] {67} --
(1,1.5) node(68_1) [draw,shape=circle,color=orange] {68} --
(2.5,1) node(69_1) [draw,shape=circle,color=orange] {69} --
(2.5,0.5) node(70_1) [draw,shape=circle,color=orange] {70} --
(3,0.5) node(71_1) [draw,shape=circle,color=orange] {71} --
(4,0.5) node(72_1) [draw,shape=circle,color=orange] {72} --
(2.5,2) node(73_1) [draw,shape=circle,color=orange] {73} --
(2,2.5) node(74_1) [draw,shape=circle,color=orange] {74} --
(0.5,4) node(75_1) [draw,shape=circle,color=orange] {75} --
(3.5,1) node(76_1) [draw,shape=circle,color=orange] {76} --
(3.5,1.5) node(77_1) [draw,shape=circle,color=orange] {77} --
(3,1.5) node(78_1) [draw,shape=circle,color=orange] {78} --
(2.5,2.5) node(79_1) [draw,shape=circle,color=orange] {79} --
(1.5,3.5) node(80_1) [draw,shape=circle,color=orange] {80} --
(1,3.5) node(81_1) [draw,shape=circle,color=orange] {81} --
(1.5,3) node(82_1) [draw,shape=circle,color=orange] {82} --
(0,0);
\draw[color=gray] (24_0) -- (30_0) -- (32_0) -- (24_0);
\draw[color=gray] (30_0) -- (23_0) -- (31_0) -- (30_0);
\draw[color=gray] (32_0) -- (31_0) -- (25_0) -- (32_0);
\draw[color=gray] (30_0) -- (31_0) -- (32_0) -- (30_0);
\draw[color=gray] (27_0) -- (33_0) -- (35_0) -- (27_0);
\draw[color=gray] (33_0) -- (25_0) -- (34_0) -- (33_0);
\draw[color=gray] (35_0) -- (34_0) -- (28_0) -- (35_0);
\draw[color=gray] (33_0) -- (34_0) -- (35_0) -- (33_0);
\draw[color=gray] (25_0) -- (33_0) -- (32_0) -- (25_0);
\draw[color=gray] (33_0) -- (27_0) -- (36_0) -- (33_0);
\draw[color=gray] (32_0) -- (36_0) -- (24_0) -- (32_0);
\draw[color=gray] (33_0) -- (36_0) -- (32_0) -- (33_0);
\draw[color=gray] (24_0) -- (36_0) -- (29_0) -- (24_0);
\draw[color=gray] (36_0) -- (27_0) -- (37_0) -- (36_0);
\draw[color=gray] (29_0) -- (37_0) -- (26_0) -- (29_0);
\draw[color=gray] (36_0) -- (37_0) -- (29_0) -- (36_0);
\draw[color=gray] (24_0) -- (29_0) -- (39_0) -- (24_0);
\draw[color=gray] (29_0) -- (26_0) -- (38_0) -- (29_0);
\draw[color=gray] (29_0) -- (38_0) -- (39_0) -- (29_0);
\draw[color=gray] (39_0) -- (40_0) -- (24_0) -- (39_0);
\draw[color=gray] (23_0) -- (30_0) -- (41_0) -- (23_0);
\draw[color=gray] (30_0) -- (24_0) -- (40_0) -- (30_0);
\draw[color=gray] (30_0) -- (40_0) -- (41_0) -- (30_0);
\draw[color=orange] (23_1) -- (29_1) -- (31_1) -- (23_1);
\draw[color=orange] (29_1) -- (24_1) -- (30_1) -- (29_1);
\draw[color=orange] (31_1) -- (30_1) -- (26_1) -- (31_1);
\draw[color=orange] (29_1) -- (30_1) -- (31_1) -- (29_1);
\draw[color=orange] (27_1) -- (32_1) -- (34_1) -- (27_1);
\draw[color=orange] (32_1) -- (28_1) -- (33_1) -- (32_1);
\draw[color=orange] (34_1) -- (33_1) -- (26_1) -- (34_1);
\draw[color=orange] (32_1) -- (33_1) -- (34_1) -- (32_1);
\draw[color=orange] (26_1) -- (30_1) -- (34_1) -- (26_1);
\draw[color=orange] (30_1) -- (24_1) -- (35_1) -- (30_1);
\draw[color=orange] (34_1) -- (35_1) -- (27_1) -- (34_1);
\draw[color=orange] (30_1) -- (35_1) -- (34_1) -- (30_1);
\draw[color=orange] (25_1) -- (36_1) -- (37_1) -- (25_1);
\draw[color=orange] (36_1) -- (27_1) -- (35_1) -- (36_1);
\draw[color=orange] (37_1) -- (35_1) -- (24_1) -- (37_1);
\draw[color=orange] (36_1) -- (35_1) -- (37_1) -- (36_1);
\draw[color=orange] (27_1) -- (36_1) -- (39_1) -- (27_1);
\draw[color=orange] (36_1) -- (25_1) -- (38_1) -- (36_1);
\draw[color=orange] (36_1) -- (38_1) -- (39_1) -- (36_1);
\draw[color=orange] (39_1) -- (40_1) -- (27_1) -- (39_1);
\draw[color=orange] (27_1) -- (40_1) -- (32_1) -- (27_1);
\draw[color=orange] (32_1) -- (41_1) -- (28_1) -- (32_1);
\draw[color=orange] (40_1) -- (41_1) -- (32_1) -- (40_1);
\end{tikzpicture}
\end{document}