DM Object: Tensor Product Mesh 2 MPI processes
  type: plex
Tensor Product Mesh in 3 dimensions:
  0-cells: 0 125
  1-cells: 0 300
  2-cells: 0 240
  3-cells: 0 64
Labels:
  Face Sets: 0 strata with value/size ()
  marker: 0 strata with value/size ()
  depth: 4 strata with value/size (0 (0), 1 (0), 2 (0), 3 (0))
DM Object: Parallel Mesh 2 MPI processes
  type: plex
Parallel Mesh in 3 dimensions:
  0-cells: 75 75
  1-cells: 170 170
  2-cells: 128 128
  3-cells: 32 32
Labels:
  Face Sets: 5 strata with value/size (1 (28), 2 (28), 3 (28), 4 (28), 6 (49))
  marker: 1 strata with value/size (1 (205))
  depth: 4 strata with value/size (0 (75), 1 (170), 2 (128), 3 (32))
