Function tests pass for order 1 at tolerance 1e-10
Function tests pass for order 1 derivatives at tolerance 1e-10
Convergence rate at refinement 0: 1.2
Convergence rate at refinement 1: 1.5
Convergence rate at refinement 2: 1.7