Function tests FAIL for order 2 at tolerance 1e-10 error 0.159571
Function tests FAIL for order 2 derivatives at tolerance 1e-10 error 1.48721
Interpolation tests FAIL for order 2 at tolerance 1e-10 error 0.454742
Interpolation tests FAIL for order 2 derivatives at tolerance 1e-10 error 8.18942
Interpolation tests FAIL for order 2 at tolerance 1e-10 error 0.31431
Interpolation tests FAIL for order 2 derivatives at tolerance 1e-10 error 2.55772