Function tests pass for order 1 at tolerance 1e-10
Function tests FAIL for order 1 derivatives at tolerance 1e-10 error 0.423808
Function   convergence rate at refinement 0: 1.32
Derivative convergence rate at refinement 0: 1.02
Function   convergence rate at refinement 1: 1.93
Derivative convergence rate at refinement 1: 1.01
Function   convergence rate at refinement 2: 1.98
Derivative convergence rate at refinement 2: 1.00
