Function tests pass for order 0 at tolerance 1e-10
Function tests pass for order 0 derivatives at tolerance 1e-10
Convergence rate at refinement 0: 2.8
Convergence rate at refinement 1: 2.7
Convergence rate at refinement 2: 2.8