Mesh 'DM_0x84000000_0':
Max sizes cone: 3 support: 1
orientation is missing
cap --> base:
[0]: 1 ----> 0
[0]: 2 ----> 0
[0]: 3 ----> 0
base <-- cap:
[0]: 0 <---- 1 (0)
[0]: 0 <---- 2 (0)
[0]: 0 <---- 3 (0)
coordinates with 1 fields
  field 0 with 2 components
Process 0:
  (   1) dim  2 offset   0 -1 -1
  (   2) dim  2 offset   2 1 -1
  (   3) dim  2 offset   4 -1 1
Mesh 'DM_0x84000000_0':
Max sizes cone: 3 support: 1
orientation is missing
cap --> base:
[0]: 1 ----> 0
[0]: 2 ----> 0
[0]: 3 ----> 0
base <-- cap:
[0]: 0 <---- 1 (0)
[0]: 0 <---- 2 (0)
[0]: 0 <---- 3 (0)
coordinates with 1 fields
  field 0 with 3 components
Process 0:
  (   1) dim  3 offset   0 -1 -1 0
  (   2) dim  3 offset   3 1 -1 0
  (   3) dim  3 offset   6 -1 1 0
Mesh 'DM_0x84000000_0':
Max sizes cone: 3 support: 1
orientation is missing
cap --> base:
[0]: 1 ----> 0
[0]: 2 ----> 0
[0]: 3 ----> 0
base <-- cap:
[0]: 0 <---- 1 (0)
[0]: 0 <---- 2 (0)
[0]: 0 <---- 3 (0)
coordinates with 1 fields
  field 0 with 3 components
Process 0:
  (   1) dim  3 offset   0 0 -1 -1
  (   2) dim  3 offset   3 0 1 -1
  (   3) dim  3 offset   6 0 -1 1
Mesh 'DM_0x84000000_1':
Max sizes cone: 3 support: 2
orientation is missing
cap --> base:
[0]: 1 ----> 4
[0]: 1 ----> 6
[0]: 2 ----> 4
[0]: 2 ----> 5
[0]: 3 ----> 5
[0]: 3 ----> 6
[0]: 4 ----> 0
[0]: 5 ----> 0
[0]: 6 ----> 0
base <-- cap:
[0]: 0 <---- 4 (0)
[0]: 0 <---- 5 (0)
[0]: 0 <---- 6 (0)
[0]: 4 <---- 1 (0)
[0]: 4 <---- 2 (0)
[0]: 5 <---- 2 (0)
[0]: 5 <---- 3 (0)
[0]: 6 <---- 3 (0)
[0]: 6 <---- 1 (0)
coordinates with 1 fields
  field 0 with 2 components
Process 0:
  (   1) dim  2 offset   0 -1 -1
  (   2) dim  2 offset   2 1 -1
  (   3) dim  2 offset   4 -1 1
Mesh 'DM_0x84000000_1':
Max sizes cone: 3 support: 2
orientation is missing
cap --> base:
[0]: 1 ----> 4
[0]: 1 ----> 6
[0]: 2 ----> 4
[0]: 2 ----> 5
[0]: 3 ----> 5
[0]: 3 ----> 6
[0]: 4 ----> 0
[0]: 5 ----> 0
[0]: 6 ----> 0
base <-- cap:
[0]: 0 <---- 4 (0)
[0]: 0 <---- 5 (0)
[0]: 0 <---- 6 (0)
[0]: 4 <---- 1 (0)
[0]: 4 <---- 2 (0)
[0]: 5 <---- 2 (0)
[0]: 5 <---- 3 (0)
[0]: 6 <---- 3 (0)
[0]: 6 <---- 1 (0)
coordinates with 1 fields
  field 0 with 3 components
Process 0:
  (   1) dim  3 offset   0 -1 -1 0
  (   2) dim  3 offset   3 1 -1 0
  (   3) dim  3 offset   6 -1 1 0
Mesh 'DM_0x84000000_1':
Max sizes cone: 3 support: 2
orientation is missing
cap --> base:
[0]: 1 ----> 4
[0]: 1 ----> 6
[0]: 2 ----> 4
[0]: 2 ----> 5
[0]: 3 ----> 5
[0]: 3 ----> 6
[0]: 4 ----> 0
[0]: 5 ----> 0
[0]: 6 ----> 0
base <-- cap:
[0]: 0 <---- 4 (0)
[0]: 0 <---- 5 (0)
[0]: 0 <---- 6 (0)
[0]: 4 <---- 1 (0)
[0]: 4 <---- 2 (0)
[0]: 5 <---- 2 (0)
[0]: 5 <---- 3 (0)
[0]: 6 <---- 3 (0)
[0]: 6 <---- 1 (0)
coordinates with 1 fields
  field 0 with 3 components
Process 0:
  (   1) dim  3 offset   0 0 -1 -1
  (   2) dim  3 offset   3 0 1 -1
  (   3) dim  3 offset   6 0 -1 1
Mesh 'DM_0x84000000_2':
Max sizes cone: 4 support: 1
orientation is missing
cap --> base:
[0]: 1 ----> 0
[0]: 2 ----> 0
[0]: 3 ----> 0
[0]: 4 ----> 0
base <-- cap:
[0]: 0 <---- 1 (0)
[0]: 0 <---- 2 (0)
[0]: 0 <---- 3 (0)
[0]: 0 <---- 4 (0)
coordinates with 1 fields
  field 0 with 3 components
Process 0:
  (   1) dim  3 offset   0 -1 -1 -1
  (   2) dim  3 offset   3 -1 1 -1
  (   3) dim  3 offset   6 1 -1 -1
  (   4) dim  3 offset   9 -1 -1 1
Mesh 'DM_0x84000000_3':
Max sizes cone: 4 support: 3
orientation is missing
cap --> base:
[0]: 1 ----> 9
[0]: 1 ----> 11
[0]: 1 ----> 12
[0]: 2 ----> 9
[0]: 2 ----> 10
[0]: 2 ----> 13
[0]: 3 ----> 10
[0]: 3 ----> 11
[0]: 3 ----> 14
[0]: 4 ----> 12
[0]: 4 ----> 13
[0]: 4 ----> 14
[0]: 5 ----> 0
[0]: 6 ----> 0
[0]: 7 ----> 0
[0]: 8 ----> 0
[0]: 9 ----> 5
[0]: 9 ----> 6
[0]: 10 ----> 5
[0]: 10 ----> 8
[0]: 11 ----> 5
[0]: 11 ----> 7
[0]: 12 ----> 6
[0]: 12 ----> 7
[0]: 13 ----> 6
[0]: 13 ----> 8
[0]: 14 ----> 7
[0]: 14 ----> 8
base <-- cap:
[0]: 0 <---- 5 (0)
[0]: 0 <---- 6 (0)
[0]: 0 <---- 7 (0)
[0]: 0 <---- 8 (0)
[0]: 5 <---- 9 (0)
[0]: 5 <---- 10 (0)
[0]: 5 <---- 11 (0)
[0]: 6 <---- 12 (0)
[0]: 6 <---- 13 (0)
[0]: 6 <---- 9 (-2)
[0]: 7 <---- 11 (-2)
[0]: 7 <---- 14 (0)
[0]: 7 <---- 12 (-2)
[0]: 8 <---- 10 (-2)
[0]: 8 <---- 13 (-2)
[0]: 8 <---- 14 (-2)
[0]: 9 <---- 1 (0)
[0]: 9 <---- 2 (0)
[0]: 10 <---- 2 (0)
[0]: 10 <---- 3 (0)
[0]: 11 <---- 3 (0)
[0]: 11 <---- 1 (0)
[0]: 12 <---- 1 (0)
[0]: 12 <---- 4 (0)
[0]: 13 <---- 4 (0)
[0]: 13 <---- 2 (0)
[0]: 14 <---- 3 (0)
[0]: 14 <---- 4 (0)
coordinates with 1 fields
  field 0 with 3 components
Process 0:
  (   1) dim  3 offset   0 -1 -1 -1
  (   2) dim  3 offset   3 -1 1 -1
  (   3) dim  3 offset   6 1 -1 -1
  (   4) dim  3 offset   9 -1 -1 1
