DM Object: 2 MPI processes
  type: network
  NSubnets: 1; NEdges: 4; NVertices: 2; NSharedVertices: 0.
  [0] nEdges: 2; nVertices: 2; nSharedVertices: 0
     Subnet 0: nEdges 2, nVertices(include shared vertices) 2
       edge 0: 0 ----> 1
       edge 1: 0 ----> 0
  [1] nEdges: 2; nVertices: 2; nSharedVertices: 0
     Subnet 0: nEdges 2, nVertices(include shared vertices) 2
       edge 2: 1 ----> 0
       edge 3: 0 ----> 1
DM Object: 2 MPI processes
  type: plex
DM_0x84000004_0 in 1 dimension:
  Number of 0-cells per rank: 2 2
  Number of 1-cells per rank: 2 2
Labels:
  depth: 2 strata with value/size (0 (2), 1 (2))
  celltype: 2 strata with value/size (1 (2), 0 (2))
PetscSF Object: 2 MPI processes
  type: basic
  [0] Number of roots=0, leaves=2, remote ranks=1
  [0] 0 <- (1,0)
  [0] 1 <- (1,1)
  [1] Number of roots=2, leaves=2, remote ranks=1
  [1] 0 <- (1,0)
  [1] 1 <- (1,1)
  MultiSF sort=rank-order
DM Object: 2 MPI processes
  type: network
  NSubnets: 1; NEdges: 4; NVertices: 2; NSharedVertices: 0.
  [0] nEdges: 2; nVertices: 2; nSharedVertices: 0
     Subnet 0: nEdges 2, nVertices(include shared vertices) 2
       edge 0: 0 ----> 1
       edge 1: 0 ----> 0
  [1] nEdges: 2; nVertices: 2; nSharedVertices: 0
     Subnet 0: nEdges 2, nVertices(include shared vertices) 2
       edge 2: 1 ----> 0
       edge 3: 0 ----> 1
DM Object: Parallel Mesh 2 MPI processes
  type: plex
Parallel Mesh in 1 dimension:
  Number of 0-cells per rank: 2 2
  Number of 1-cells per rank: 2 2
Labels:
  depth: 2 strata with value/size (0 (2), 1 (2))
  celltype: 2 strata with value/size (0 (2), 1 (2))
Vec Object: 2 MPI processes
  type: mpi
Process [0]
Process [1]
  Vertex 0:
    9.
  Vertex 1:
    11.
Vec Object: 1 MPI processes
  type: seq
9.
11.
Vec Object: 1 MPI processes
  type: seq
9.
11.
Local vertices for local edge 0: 2 3
Local vertices for local edge 1: 2 2
Local edges supporing local vertex 2: 0 1 1
Local edges supporing local vertex 3: 0
Local vertices for local edge 0: 3 2
Local vertices for local edge 1: 2 3
Local edges supporing local vertex 2: 0 1
Local edges supporing local vertex 3: 0 1
