DM Object: Mesh 16 MPI processes
  type: plex
Mesh in 2 dimensions:
  0-cells: 9 9 9 9 9 9 9 9 9 9 9 9 9 9 9 9
  1-cells: 12 12 12 12 12 12 12 12 12 12 12 12 12 12 12 12
  2-cells: 4 4 4 4 4 4 4 4 4 4 4 4 4 4 4 4
Labels:
  celltype: 3 strata with value/size (0 (9), 1 (12), 4 (4))
  depth: 3 strata with value/size (0 (9), 1 (12), 2 (4))
  marker: 1 strata with value/size (1 (9))
  Face Sets: 2 strata with value/size (1 (3), 4 (3))
