Vec Object: 1 MPI processes
  type: mpi
Process [0]
1.
1.
-4.37413
1.
0.59276
-0.534965
1.
0.978198
1.
1.04401
0.567256
0.339161
0.0888523
1.
0.378445
1.
-0.0314685
0.789387
0.59276
3.80769
1.
1.
1.
