Linear fieldsplit_dgs_aux_ solve converged due to CONVERGED_RTOL iterations 6
Linear solve converged due to CONVERGED_RTOL iterations 1
