PetscFnTestDerivativeFn: Tested apply instantiated function against matrix-free action: norm 0.011647, error 0.
PetscFnTestDerivativeMult: Tested convergence of jacobianmult at offsets (2e-05, 1e-05); tangents differ by (2.05592e-10, 5.13956e-11): measured rate 2.00006
PetscFnTestDerivativeMult: Tested convergence of jacobianmultadjoint at offsets (2e-05, 1e-05); tangents differ by (5.56693e-11, 1.39172e-11): measured rate 2.00001
PetscFnTestDerivativeMult: Tested convergence of scalargradient at offsets (2e-05, 1e-05); tangents differ by (1.05504e-10, 2.63759e-11): measured rate 2.00001
PetscFnTestDerivativeBuild: Tested jacobianbuild matrix against matrix-free action: norm 0.45514, error 1.66533e-16
PetscFnTestDerivativeBuild: Tested jacobianbuild matrix against matrix-free action: norm 0.45514, error 1.66533e-16
PetscFnTestDerivativeBuild: Tested jacobianbuildadjoint matrix against matrix-free action: norm 1.27646, error 0.
PetscFnTestDerivativeBuild: Tested jacobianbuildadjoint matrix against matrix-free action: norm 1.27646, error 0.
PetscFnTestDerivativeMult: Tested convergence of hessianmult at offsets (2e-05, 1e-05); tangents differ by (4.44753e-10, 1.11191e-10): measured rate 1.99996
PetscFnTestDerivativeMult: Tested convergence of hessianmultadjoint at offsets (2e-05, 1e-05); tangents differ by (2.75506e-09, 6.88772e-10): measured rate 1.99998
PetscFnTestDerivativeMult: Tested convergence of scalarhessianmult at offsets (2e-05, 1e-05); tangents differ by (5.22139e-09, 1.30536e-09): measured rate 1.99998
PetscFnTestDerivativeBuild: Tested hessianbuild matrix against matrix-free action: norm 0.683259, error 1.11022e-16
PetscFnTestDerivativeBuild: Tested hessianbuild matrix against matrix-free action: norm 0.683259, error 1.11022e-16
PetscFnTestDerivativeBuild: Tested hessianbuildadjoint matrix against matrix-free action: norm 0.291871, error 4.16334e-17
PetscFnTestDerivativeBuild: Tested hessianbuildadjoint matrix against matrix-free action: norm 0.291871, error 4.16334e-17
PetscFnTestDerivativeBuild: Tested hessianbuildswap matrix against matrix-free action: norm 0.603994, error 0.
PetscFnTestDerivativeBuild: Tested hessianbuildswap matrix against matrix-free action: norm 0.603994, error 0.
PetscFnTestDerivativeBuild: Tested scalarhessianbuild matrix against matrix-free action: norm 0.553154, error 6.20634e-17
PetscFnTestDerivativeBuild: Tested scalarhessianbuild matrix against matrix-free action: norm 0.553154, error 6.20634e-17
PetscFnTestDerivativeFn: Tested jacobianmult instantiated function against matrix-free action: norm 5.3903, error 0.
PetscFnTestDerivativeMult: Tested convergence of jacobianmult at offsets (2e-05, 1e-05); tangents differ by (1.97797e-09, 4.945e-10): measured rate 1.99998
PetscFnTestDerivativeMult: Tested convergence of jacobianmultadjoint at offsets (2e-05, 1e-05); tangents differ by (5.9707e-09, 1.49269e-09): measured rate 1.99998
PetscFnTestDerivativeMult: Tested convergence of scalargradient at offsets (2e-05, 1e-05); tangents differ by (6.03678e-09, 1.50921e-09): measured rate 1.99998
PetscFnTestDerivativeBuild: Tested jacobianbuild matrix against matrix-free action: norm 0.455836, error 0.
PetscFnTestDerivativeBuild: Tested jacobianbuild matrix against matrix-free action: norm 0.455836, error 0.
PetscFnTestDerivativeBuild: Tested jacobianbuildadjoint matrix against matrix-free action: norm 1.72084, error 0.
PetscFnTestDerivativeBuild: Tested jacobianbuildadjoint matrix against matrix-free action: norm 1.72084, error 0.
PetscFnTestDerivativeFn: Tested jacobianmult instantiated function against matrix-free action: norm 0.636422, error 0.
PetscFnTestDerivativeMult: Tested convergence of jacobianmult at offsets (2e-05, 1e-05); tangents differ by (5.34019e-09, 1.33503e-09): measured rate 2.00001
PetscFnTestDerivativeMult: Tested convergence of jacobianmultadjoint at offsets (2e-05, 1e-05); tangents differ by (4.37814e-10, 1.09455e-10): measured rate 1.99999
PetscFnTestDerivativeMult: Tested convergence of scalargradient at offsets (2e-05, 1e-05); tangents differ by (4.4401e-10, 1.11003e-10): measured rate 1.99999
PetscFnTestDerivativeBuild: Tested jacobianbuild matrix against matrix-free action: norm 0.405931, error 1.66533e-16
PetscFnTestDerivativeBuild: Tested jacobianbuild matrix against matrix-free action: norm 0.405931, error 1.66533e-16
PetscFnTestDerivativeBuild: Tested jacobianbuildadjoint matrix against matrix-free action: norm 3.18623, error 0.
PetscFnTestDerivativeBuild: Tested jacobianbuildadjoint matrix against matrix-free action: norm 3.18623, error 0.
PetscFnTestDerivativeFn: Tested jacobianmultadjoint instantiated function against matrix-free action: norm 1.30922, error 0.
PetscFnTestDerivativeMult: Tested convergence of jacobianmult at offsets (2e-05, 1e-05); tangents differ by (2.34463e-09, 5.86165e-10): measured rate 1.99998
PetscFnTestDerivativeMult: Tested convergence of jacobianmultadjoint at offsets (2e-05, 1e-05); tangents differ by (1.00959e-10, 2.52423e-11): measured rate 1.99985
PetscFnTestDerivativeBuild: Tested jacobianbuild matrix against matrix-free action: norm 2.27669, error 7.94799e-16
PetscFnTestDerivativeBuild: Tested jacobianbuild matrix against matrix-free action: norm 2.27669, error 7.94799e-16
PetscFnTestDerivativeBuild: Tested jacobianbuildadjoint matrix against matrix-free action: norm 2.27669, error 7.94799e-16
PetscFnTestDerivativeBuild: Tested jacobianbuildadjoint matrix against matrix-free action: norm 2.27669, error 7.94799e-16
PetscFnTestDerivativeFn: Tested jacobianmultadjoint instantiated function against matrix-free action: norm 0.500942, error 0.
PetscFnTestDerivativeMult: Tested convergence of jacobianmult at offsets (2e-05, 1e-05); tangents differ by (2.82589e-09, 7.06586e-10): measured rate 1.99977
PetscFnTestDerivativeMult: Tested convergence of jacobianmultadjoint at offsets (2e-05, 1e-05); tangents differ by (9.59629e-11, 2.39901e-11): measured rate 2.00004
PetscFnTestDerivativeMult: Tested convergence of scalargradient at offsets (2e-05, 1e-05); tangents differ by (2.44957e-10, 6.12377e-11): measured rate 2.00004
PetscFnTestDerivativeBuild: Tested jacobianbuild matrix against matrix-free action: norm 2.34067, error 8.88178e-16
PetscFnTestDerivativeBuild: Tested jacobianbuild matrix against matrix-free action: norm 2.34067, error 8.88178e-16
PetscFnTestDerivativeBuild: Tested jacobianbuildadjoint matrix against matrix-free action: norm 4.85608, error 0.
PetscFnTestDerivativeBuild: Tested jacobianbuildadjoint matrix against matrix-free action: norm 4.85608, error 0.
PetscFnTestDerivativeFn: Tested hessianmult instantiated function against matrix-free action: norm 27.9749, error 0.
PetscFnTestDerivativeFn: Tested hessianmult instantiated function against matrix-free action: norm 6.15104, error 0.
PetscFnTestDerivativeFn: Tested hessianmultadjoint instantiated function against matrix-free action: norm 8.03161, error 0.
PetscFnTestDerivativeFn: Tested hessianmultadjoint instantiated function against matrix-free action: norm 6.27583, error 0.
PetscFnTestDerivativeMult: Tested convergence of jacobianmult at offsets (2e-05, 1e-05); tangents differ by (2.46487e-09, 6.16242e-10): measured rate 1.99994
PetscFnTestDerivativeMult: Tested convergence of jacobianmultadjoint at offsets (2e-05, 1e-05); tangents differ by (9.06705e-11, 2.26674e-11): measured rate 2.00002
PetscFnTestDerivativeMult: Tested convergence of scalargradient at offsets (2e-05, 1e-05); tangents differ by (1.66763e-10, 4.16902e-11): measured rate 2.00002
PetscFnTestDerivativeBuild: Tested jacobianbuild matrix against matrix-free action: norm 0.963191, error 0.
PetscFnTestDerivativeBuild: Tested jacobianbuild matrix against matrix-free action: norm 0.963191, error 0.
PetscFnTestDerivativeBuild: Tested jacobianbuildadjoint matrix against matrix-free action: norm 3.75696, error 0.
PetscFnTestDerivativeBuild: Tested jacobianbuildadjoint matrix against matrix-free action: norm 3.75696, error 0.
