PetscFnTestDerivativeMult: Tested convergence of jacobianmult at offsets (2e-05, 1e-05); tangents differ by (5.419e-13, 1.35558e-13): measured rate 1.99911
PetscFnTestDerivativeMult: Tested convergence of jacobianmultadjoint at offsets (2e-05, 1e-05); tangents differ by (1.06411e-11, 2.66033e-12): measured rate 1.99997
PetscFnTestDerivativeMult: Tested convergence of scalargradient at offsets (2e-05, 1e-05); tangents differ by (7.35699e-11, 1.83929e-11): measured rate 1.99997
PetscFnTestDerivativeBuild: Tested jacobianbuild matrix against matrix-free action: norm 0.900634, error 0.
PetscFnTestDerivativeBuild: Tested jacobianbuildadjoint matrix against matrix-free action: norm 0.900634, error 0.
PetscFnTestDerivativeMult: Tested convergence of hessianmult at offsets (2e-05, 1e-05); tangents differ by (5.26263e-14, 1.31579e-14): measured rate 1.99986
PetscFnTestDerivativeMult: Tested convergence of hessianmultadjoint at offsets (2e-05, 1e-05); tangents differ by (7.59476e-13, 1.89904e-13): measured rate 1.99974
PetscFnTestDerivativeMult: Tested convergence of scalarhessianmult at offsets (2e-05, 1e-05); tangents differ by (5.25091e-12, 1.31295e-12): measured rate 1.99976
PetscFnTestDerivativeBuild: Tested hessianbuild matrix against matrix-free action: norm 0.0315707, error 0.
PetscFnTestDerivativeBuild: Tested hessianbuildadjoint matrix against matrix-free action: norm 0.0738967, error 0.
PetscFnTestDerivativeBuild: Tested hessianbuildswap matrix against matrix-free action: norm 0.0315707, error 0.
PetscFnTestDerivativeBuild: Tested scalarhessianbuild matrix against matrix-free action: norm 0.510903, error 0.
PetscFnTestDerivativeMult: Tested convergence of jacobianmult at offsets (2e-05, 1e-05); tangents differ by (1.30976e-11, 3.27457e-12): measured rate 1.99992
PetscFnTestDerivativeMult: Tested convergence of jacobianmultadjoint at offsets (2e-05, 1e-05); tangents differ by (7.31148e-12, 1.82776e-12): measured rate 2.00009
PetscFnTestDerivativeBuild: Tested jacobianbuild matrix against matrix-free action: norm 0.946343, error 0.
PetscFnTestDerivativeBuild: Tested jacobianbuildadjoint matrix against matrix-free action: norm 0.765078, error 3.87896e-18
PetscFnTestDerivativeMult: Tested convergence of hessianmult at offsets (2e-05, 1e-05); tangents differ by (3.3362e-12, 8.34162e-13): measured rate 1.99981
PetscFnTestDerivativeMult: Tested convergence of hessianmultadjoint at offsets (2e-05, 1e-05); tangents differ by (4.79525e-12, 1.1988e-12): measured rate 2.00001
PetscFnTestDerivativeBuild: Tested hessianbuild matrix against matrix-free action: norm 0.0345627, error 5.66514e-17
PetscFnTestDerivativeBuild: Tested hessianbuildadjoint matrix against matrix-free action: norm 0.0781082, error 1.01151e-17
PetscFnTestDerivativeBuild: Tested hessianbuildswap matrix against matrix-free action: norm 0.00844817, error 5.34678e-18
