DM Object: DM_init 1 MPI processes
  type: plex
DM_init in 3 dimensions:
  Number of 0-cells per rank: 125
  Number of 1-cells per rank: 604
  Number of 2-cells per rank: 864
  Number of 3-cells per rank: 384
Labels:
  marker: 1 strata with value/size (1 (317))
  celltype: 4 strata with value/size (0 (125), 6 (384), 3 (864), 1 (604))
  depth: 4 strata with value/size (0 (125), 1 (604), 2 (864), 3 (384))
Field P1:
  adjacency FEM
DM Object: DM_adapted 1 MPI processes
  type: plex
DM_adapted in 3 dimensions:
  Number of 0-cells per rank: 318
  Number of 1-cells per rank: 1628
  Number of 2-cells per rank: 2397
  Number of 3-cells per rank: 1086
Labels:
  celltype: 4 strata with value/size (0 (318), 6 (1086), 3 (2397), 1 (1628))
  depth: 4 strata with value/size (0 (318), 1 (1628), 2 (2397), 3 (1086))
  _boundary_: 1 strata with value/size (1 (450))
