DM Object: cubit(FourSquareT-large.exo): 12/02/2017: 09:20:39 1 MPI processes
  type: plex
cubit(FourSquareT-large.exo): 12/02/2017: 09:20:39 in 2 dimensions:
  Number of 0-cells per rank: 61
  Number of 1-cells per rank: 156
  Number of 2-cells per rank: 96
Labels:
  celltype: 3 strata with value/size (0 (61), 3 (96), 1 (156))
  depth: 3 strata with value/size (0 (61), 1 (156), 2 (96))
  Cell Sets: 4 strata with value/size (1 (24), 2 (18), 3 (28), 5 (26))
PetscViewer Object: 1 MPI processes
  type: exodusii
  Filename:    FourSquareT-large_out.exo
  exoid:       -1
  IO Mode:     1
  Mesh order:  1
PetscViewer Object: 1 MPI processes
  type: exodusii
  Filename:    FourSquareT-large_out.exo
  exoid:       65536
  IO Mode:     1
  Mesh order:  1
PetscSection Object: 1 MPI processes
  type not yet set
3 fields
  field 0 with 2 components
Process 0:
  (   0) count  0 offset   0
  (   1) count  0 offset   3
  (   2) count  0 offset   6
  (   3) count  0 offset   9
  (   4) count  0 offset  12
  (   5) count  0 offset  15
  (   6) count  0 offset  18
  (   7) count  0 offset  21
  (   8) count  0 offset  24
  (   9) count  0 offset  27
  (  10) count  0 offset  30
  (  11) count  0 offset  33
  (  12) count  0 offset  36
  (  13) count  0 offset  39
  (  14) count  0 offset  42
  (  15) count  0 offset  45
  (  16) count  0 offset  48
  (  17) count  0 offset  51
  (  18) count  0 offset  54
  (  19) count  0 offset  57
  (  20) count  0 offset  60
  (  21) count  0 offset  63
  (  22) count  0 offset  66
  (  23) count  0 offset  69
  (  24) count  0 offset  72
  (  25) count  0 offset  75
  (  26) count  0 offset  78
  (  27) count  0 offset  81
  (  28) count  0 offset  84
  (  29) count  0 offset  87
  (  30) count  0 offset  90
  (  31) count  0 offset  93
  (  32) count  0 offset  96
  (  33) count  0 offset  99
  (  34) count  0 offset 102
  (  35) count  0 offset 105
  (  36) count  0 offset 108
  (  37) count  0 offset 111
  (  38) count  0 offset 114
  (  39) count  0 offset 117
  (  40) count  0 offset 120
  (  41) count  0 offset 123
  (  42) count  0 offset 126
  (  43) count  0 offset 129
  (  44) count  0 offset 132
  (  45) count  0 offset 135
  (  46) count  0 offset 138
  (  47) count  0 offset 141
  (  48) count  0 offset 144
  (  49) count  0 offset 147
  (  50) count  0 offset 150
  (  51) count  0 offset 153
  (  52) count  0 offset 156
  (  53) count  0 offset 159
  (  54) count  0 offset 162
  (  55) count  0 offset 165
  (  56) count  0 offset 168
  (  57) count  0 offset 171
  (  58) count  0 offset 174
  (  59) count  0 offset 177
  (  60) count  0 offset 180
  (  61) count  0 offset 183
  (  62) count  0 offset 186
  (  63) count  0 offset 189
  (  64) count  0 offset 192
  (  65) count  0 offset 195
  (  66) count  0 offset 198
  (  67) count  0 offset 201
  (  68) count  0 offset 204
  (  69) count  0 offset 207
  (  70) count  0 offset 210
  (  71) count  0 offset 213
  (  72) count  0 offset 216
  (  73) count  0 offset 219
  (  74) count  0 offset 222
  (  75) count  0 offset 225
  (  76) count  0 offset 228
  (  77) count  0 offset 231
  (  78) count  0 offset 234
  (  79) count  0 offset 237
  (  80) count  0 offset 240
  (  81) count  0 offset 243
  (  82) count  0 offset 246
  (  83) count  0 offset 249
  (  84) count  0 offset 252
  (  85) count  0 offset 255
  (  86) count  0 offset 258
  (  87) count  0 offset 261
  (  88) count  0 offset 264
  (  89) count  0 offset 267
  (  90) count  0 offset 270
  (  91) count  0 offset 273
  (  92) count  0 offset 276
  (  93) count  0 offset 279
  (  94) count  0 offset 282
  (  95) count  0 offset 285
  (  96) count  2 offset 288
  (  97) count  2 offset 291
  (  98) count  2 offset 294
  (  99) count  2 offset 297
  ( 100) count  2 offset 300
  ( 101) count  2 offset 303
  ( 102) count  2 offset 306
  ( 103) count  2 offset 309
  ( 104) count  2 offset 312
  ( 105) count  2 offset 315
  ( 106) count  2 offset 318
  ( 107) count  2 offset 321
  ( 108) count  2 offset 324
  ( 109) count  2 offset 327
  ( 110) count  2 offset 330
  ( 111) count  2 offset 333
  ( 112) count  2 offset 336
  ( 113) count  2 offset 339
  ( 114) count  2 offset 342
  ( 115) count  2 offset 345
  ( 116) count  2 offset 348
  ( 117) count  2 offset 351
  ( 118) count  2 offset 354
  ( 119) count  2 offset 357
  ( 120) count  2 offset 360
  ( 121) count  2 offset 363
  ( 122) count  2 offset 366
  ( 123) count  2 offset 369
  ( 124) count  2 offset 372
  ( 125) count  2 offset 375
  ( 126) count  2 offset 378
  ( 127) count  2 offset 381
  ( 128) count  2 offset 384
  ( 129) count  2 offset 387
  ( 130) count  2 offset 390
  ( 131) count  2 offset 393
  ( 132) count  2 offset 396
  ( 133) count  2 offset 399
  ( 134) count  2 offset 402
  ( 135) count  2 offset 405
  ( 136) count  2 offset 408
  ( 137) count  2 offset 411
  ( 138) count  2 offset 414
  ( 139) count  2 offset 417
  ( 140) count  2 offset 420
  ( 141) count  2 offset 423
  ( 142) count  2 offset 426
  ( 143) count  2 offset 429
  ( 144) count  2 offset 432
  ( 145) count  2 offset 435
  ( 146) count  2 offset 438
  ( 147) count  2 offset 441
  ( 148) count  2 offset 444
  ( 149) count  2 offset 447
  ( 150) count  2 offset 450
  ( 151) count  2 offset 453
  ( 152) count  2 offset 456
  ( 153) count  2 offset 459
  ( 154) count  2 offset 462
  ( 155) count  2 offset 465
  ( 156) count  2 offset 468
  ( 157) count  0 offset 471
  ( 158) count  0 offset 471
  ( 159) count  0 offset 471
  ( 160) count  0 offset 471
  ( 161) count  0 offset 471
  ( 162) count  0 offset 471
  ( 163) count  0 offset 471
  ( 164) count  0 offset 471
  ( 165) count  0 offset 471
  ( 166) count  0 offset 471
  ( 167) count  0 offset 471
  ( 168) count  0 offset 471
  ( 169) count  0 offset 471
  ( 170) count  0 offset 471
  ( 171) count  0 offset 471
  ( 172) count  0 offset 471
  ( 173) count  0 offset 471
  ( 174) count  0 offset 471
  ( 175) count  0 offset 471
  ( 176) count  0 offset 471
  ( 177) count  0 offset 471
  ( 178) count  0 offset 471
  ( 179) count  0 offset 471
  ( 180) count  0 offset 471
  ( 181) count  0 offset 471
  ( 182) count  0 offset 471
  ( 183) count  0 offset 471
  ( 184) count  0 offset 471
  ( 185) count  0 offset 471
  ( 186) count  0 offset 471
  ( 187) count  0 offset 471
  ( 188) count  0 offset 471
  ( 189) count  0 offset 471
  ( 190) count  0 offset 471
  ( 191) count  0 offset 471
  ( 192) count  0 offset 471
  ( 193) count  0 offset 471
  ( 194) count  0 offset 471
  ( 195) count  0 offset 471
  ( 196) count  0 offset 471
  ( 197) count  0 offset 471
  ( 198) count  0 offset 471
  ( 199) count  0 offset 471
  ( 200) count  0 offset 471
  ( 201) count  0 offset 471
  ( 202) count  0 offset 471
  ( 203) count  0 offset 471
  ( 204) count  0 offset 471
  ( 205) count  0 offset 471
  ( 206) count  0 offset 471
  ( 207) count  0 offset 471
  ( 208) count  0 offset 471
  ( 209) count  0 offset 471
  ( 210) count  0 offset 471
  ( 211) count  0 offset 471
  ( 212) count  0 offset 471
  ( 213) count  0 offset 471
  ( 214) count  0 offset 471
  ( 215) count  0 offset 471
  ( 216) count  0 offset 471
  ( 217) count  0 offset 471
  ( 218) count  0 offset 471
  ( 219) count  0 offset 471
  ( 220) count  0 offset 471
  ( 221) count  0 offset 471
  ( 222) count  0 offset 471
  ( 223) count  0 offset 471
  ( 224) count  0 offset 471
  ( 225) count  0 offset 471
  ( 226) count  0 offset 471
  ( 227) count  0 offset 471
  ( 228) count  0 offset 471
  ( 229) count  0 offset 471
  ( 230) count  0 offset 471
  ( 231) count  0 offset 471
  ( 232) count  0 offset 471
  ( 233) count  0 offset 471
  ( 234) count  0 offset 471
  ( 235) count  0 offset 471
  ( 236) count  0 offset 471
  ( 237) count  0 offset 471
  ( 238) count  0 offset 471
  ( 239) count  0 offset 471
  ( 240) count  0 offset 471
  ( 241) count  0 offset 471
  ( 242) count  0 offset 471
  ( 243) count  0 offset 471
  ( 244) count  0 offset 471
  ( 245) count  0 offset 471
  ( 246) count  0 offset 471
  ( 247) count  0 offset 471
  ( 248) count  0 offset 471
  ( 249) count  0 offset 471
  ( 250) count  0 offset 471
  ( 251) count  0 offset 471
  ( 252) count  0 offset 471
  ( 253) count  0 offset 471
  ( 254) count  0 offset 471
  ( 255) count  0 offset 471
  ( 256) count  0 offset 471
  ( 257) count  0 offset 471
  ( 258) count  0 offset 471
  ( 259) count  0 offset 471
  ( 260) count  0 offset 471
  ( 261) count  0 offset 471
  ( 262) count  0 offset 471
  ( 263) count  0 offset 471
  ( 264) count  0 offset 471
  ( 265) count  0 offset 471
  ( 266) count  0 offset 471
  ( 267) count  0 offset 471
  ( 268) count  0 offset 471
  ( 269) count  0 offset 471
  ( 270) count  0 offset 471
  ( 271) count  0 offset 471
  ( 272) count  0 offset 471
  ( 273) count  0 offset 471
  ( 274) count  0 offset 471
  ( 275) count  0 offset 471
  ( 276) count  0 offset 471
  ( 277) count  0 offset 471
  ( 278) count  0 offset 471
  ( 279) count  0 offset 471
  ( 280) count  0 offset 471
  ( 281) count  0 offset 471
  ( 282) count  0 offset 471
  ( 283) count  0 offset 471
  ( 284) count  0 offset 471
  ( 285) count  0 offset 471
  ( 286) count  0 offset 471
  ( 287) count  0 offset 471
  ( 288) count  0 offset 471
  ( 289) count  0 offset 471
  ( 290) count  0 offset 471
  ( 291) count  0 offset 471
  ( 292) count  0 offset 471
  ( 293) count  0 offset 471
  ( 294) count  0 offset 471
  ( 295) count  0 offset 471
  ( 296) count  0 offset 471
  ( 297) count  0 offset 471
  ( 298) count  0 offset 471
  ( 299) count  0 offset 471
  ( 300) count  0 offset 471
  ( 301) count  0 offset 471
  ( 302) count  0 offset 471
  ( 303) count  0 offset 471
  ( 304) count  0 offset 471
  ( 305) count  0 offset 471
  ( 306) count  0 offset 471
  ( 307) count  0 offset 471
  ( 308) count  0 offset 471
  ( 309) count  0 offset 471
  ( 310) count  0 offset 471
  ( 311) count  0 offset 471
  ( 312) count  0 offset 471
  field 1 with 3 components
Process 0:
  (   0) count  3 offset   0
  (   1) count  3 offset   3
  (   2) count  3 offset   6
  (   3) count  3 offset   9
  (   4) count  3 offset  12
  (   5) count  3 offset  15
  (   6) count  3 offset  18
  (   7) count  3 offset  21
  (   8) count  3 offset  24
  (   9) count  3 offset  27
  (  10) count  3 offset  30
  (  11) count  3 offset  33
  (  12) count  3 offset  36
  (  13) count  3 offset  39
  (  14) count  3 offset  42
  (  15) count  3 offset  45
  (  16) count  3 offset  48
  (  17) count  3 offset  51
  (  18) count  3 offset  54
  (  19) count  3 offset  57
  (  20) count  3 offset  60
  (  21) count  3 offset  63
  (  22) count  3 offset  66
  (  23) count  3 offset  69
  (  24) count  3 offset  72
  (  25) count  3 offset  75
  (  26) count  3 offset  78
  (  27) count  3 offset  81
  (  28) count  3 offset  84
  (  29) count  3 offset  87
  (  30) count  3 offset  90
  (  31) count  3 offset  93
  (  32) count  3 offset  96
  (  33) count  3 offset  99
  (  34) count  3 offset 102
  (  35) count  3 offset 105
  (  36) count  3 offset 108
  (  37) count  3 offset 111
  (  38) count  3 offset 114
  (  39) count  3 offset 117
  (  40) count  3 offset 120
  (  41) count  3 offset 123
  (  42) count  3 offset 126
  (  43) count  3 offset 129
  (  44) count  3 offset 132
  (  45) count  3 offset 135
  (  46) count  3 offset 138
  (  47) count  3 offset 141
  (  48) count  3 offset 144
  (  49) count  3 offset 147
  (  50) count  3 offset 150
  (  51) count  3 offset 153
  (  52) count  3 offset 156
  (  53) count  3 offset 159
  (  54) count  3 offset 162
  (  55) count  3 offset 165
  (  56) count  3 offset 168
  (  57) count  3 offset 171
  (  58) count  3 offset 174
  (  59) count  3 offset 177
  (  60) count  3 offset 180
  (  61) count  3 offset 183
  (  62) count  3 offset 186
  (  63) count  3 offset 189
  (  64) count  3 offset 192
  (  65) count  3 offset 195
  (  66) count  3 offset 198
  (  67) count  3 offset 201
  (  68) count  3 offset 204
  (  69) count  3 offset 207
  (  70) count  3 offset 210
  (  71) count  3 offset 213
  (  72) count  3 offset 216
  (  73) count  3 offset 219
  (  74) count  3 offset 222
  (  75) count  3 offset 225
  (  76) count  3 offset 228
  (  77) count  3 offset 231
  (  78) count  3 offset 234
  (  79) count  3 offset 237
  (  80) count  3 offset 240
  (  81) count  3 offset 243
  (  82) count  3 offset 246
  (  83) count  3 offset 249
  (  84) count  3 offset 252
  (  85) count  3 offset 255
  (  86) count  3 offset 258
  (  87) count  3 offset 261
  (  88) count  3 offset 264
  (  89) count  3 offset 267
  (  90) count  3 offset 270
  (  91) count  3 offset 273
  (  92) count  3 offset 276
  (  93) count  3 offset 279
  (  94) count  3 offset 282
  (  95) count  3 offset 285
  (  96) count  0 offset 290
  (  97) count  0 offset 293
  (  98) count  0 offset 296
  (  99) count  0 offset 299
  ( 100) count  0 offset 302
  ( 101) count  0 offset 305
  ( 102) count  0 offset 308
  ( 103) count  0 offset 311
  ( 104) count  0 offset 314
  ( 105) count  0 offset 317
  ( 106) count  0 offset 320
  ( 107) count  0 offset 323
  ( 108) count  0 offset 326
  ( 109) count  0 offset 329
  ( 110) count  0 offset 332
  ( 111) count  0 offset 335
  ( 112) count  0 offset 338
  ( 113) count  0 offset 341
  ( 114) count  0 offset 344
  ( 115) count  0 offset 347
  ( 116) count  0 offset 350
  ( 117) count  0 offset 353
  ( 118) count  0 offset 356
  ( 119) count  0 offset 359
  ( 120) count  0 offset 362
  ( 121) count  0 offset 365
  ( 122) count  0 offset 368
  ( 123) count  0 offset 371
  ( 124) count  0 offset 374
  ( 125) count  0 offset 377
  ( 126) count  0 offset 380
  ( 127) count  0 offset 383
  ( 128) count  0 offset 386
  ( 129) count  0 offset 389
  ( 130) count  0 offset 392
  ( 131) count  0 offset 395
  ( 132) count  0 offset 398
  ( 133) count  0 offset 401
  ( 134) count  0 offset 404
  ( 135) count  0 offset 407
  ( 136) count  0 offset 410
  ( 137) count  0 offset 413
  ( 138) count  0 offset 416
  ( 139) count  0 offset 419
  ( 140) count  0 offset 422
  ( 141) count  0 offset 425
  ( 142) count  0 offset 428
  ( 143) count  0 offset 431
  ( 144) count  0 offset 434
  ( 145) count  0 offset 437
  ( 146) count  0 offset 440
  ( 147) count  0 offset 443
  ( 148) count  0 offset 446
  ( 149) count  0 offset 449
  ( 150) count  0 offset 452
  ( 151) count  0 offset 455
  ( 152) count  0 offset 458
  ( 153) count  0 offset 461
  ( 154) count  0 offset 464
  ( 155) count  0 offset 467
  ( 156) count  0 offset 470
  ( 157) count  0 offset 471
  ( 158) count  0 offset 471
  ( 159) count  0 offset 471
  ( 160) count  0 offset 471
  ( 161) count  0 offset 471
  ( 162) count  0 offset 471
  ( 163) count  0 offset 471
  ( 164) count  0 offset 471
  ( 165) count  0 offset 471
  ( 166) count  0 offset 471
  ( 167) count  0 offset 471
  ( 168) count  0 offset 471
  ( 169) count  0 offset 471
  ( 170) count  0 offset 471
  ( 171) count  0 offset 471
  ( 172) count  0 offset 471
  ( 173) count  0 offset 471
  ( 174) count  0 offset 471
  ( 175) count  0 offset 471
  ( 176) count  0 offset 471
  ( 177) count  0 offset 471
  ( 178) count  0 offset 471
  ( 179) count  0 offset 471
  ( 180) count  0 offset 471
  ( 181) count  0 offset 471
  ( 182) count  0 offset 471
  ( 183) count  0 offset 471
  ( 184) count  0 offset 471
  ( 185) count  0 offset 471
  ( 186) count  0 offset 471
  ( 187) count  0 offset 471
  ( 188) count  0 offset 471
  ( 189) count  0 offset 471
  ( 190) count  0 offset 471
  ( 191) count  0 offset 471
  ( 192) count  0 offset 471
  ( 193) count  0 offset 471
  ( 194) count  0 offset 471
  ( 195) count  0 offset 471
  ( 196) count  0 offset 471
  ( 197) count  0 offset 471
  ( 198) count  0 offset 471
  ( 199) count  0 offset 471
  ( 200) count  0 offset 471
  ( 201) count  0 offset 471
  ( 202) count  0 offset 471
  ( 203) count  0 offset 471
  ( 204) count  0 offset 471
  ( 205) count  0 offset 471
  ( 206) count  0 offset 471
  ( 207) count  0 offset 471
  ( 208) count  0 offset 471
  ( 209) count  0 offset 471
  ( 210) count  0 offset 471
  ( 211) count  0 offset 471
  ( 212) count  0 offset 471
  ( 213) count  0 offset 471
  ( 214) count  0 offset 471
  ( 215) count  0 offset 471
  ( 216) count  0 offset 471
  ( 217) count  0 offset 471
  ( 218) count  0 offset 471
  ( 219) count  0 offset 471
  ( 220) count  0 offset 471
  ( 221) count  0 offset 471
  ( 222) count  0 offset 471
  ( 223) count  0 offset 471
  ( 224) count  0 offset 471
  ( 225) count  0 offset 471
  ( 226) count  0 offset 471
  ( 227) count  0 offset 471
  ( 228) count  0 offset 471
  ( 229) count  0 offset 471
  ( 230) count  0 offset 471
  ( 231) count  0 offset 471
  ( 232) count  0 offset 471
  ( 233) count  0 offset 471
  ( 234) count  0 offset 471
  ( 235) count  0 offset 471
  ( 236) count  0 offset 471
  ( 237) count  0 offset 471
  ( 238) count  0 offset 471
  ( 239) count  0 offset 471
  ( 240) count  0 offset 471
  ( 241) count  0 offset 471
  ( 242) count  0 offset 471
  ( 243) count  0 offset 471
  ( 244) count  0 offset 471
  ( 245) count  0 offset 471
  ( 246) count  0 offset 471
  ( 247) count  0 offset 471
  ( 248) count  0 offset 471
  ( 249) count  0 offset 471
  ( 250) count  0 offset 471
  ( 251) count  0 offset 471
  ( 252) count  0 offset 471
  ( 253) count  0 offset 471
  ( 254) count  0 offset 471
  ( 255) count  0 offset 471
  ( 256) count  0 offset 471
  ( 257) count  0 offset 471
  ( 258) count  0 offset 471
  ( 259) count  0 offset 471
  ( 260) count  0 offset 471
  ( 261) count  0 offset 471
  ( 262) count  0 offset 471
  ( 263) count  0 offset 471
  ( 264) count  0 offset 471
  ( 265) count  0 offset 471
  ( 266) count  0 offset 471
  ( 267) count  0 offset 471
  ( 268) count  0 offset 471
  ( 269) count  0 offset 471
  ( 270) count  0 offset 471
  ( 271) count  0 offset 471
  ( 272) count  0 offset 471
  ( 273) count  0 offset 471
  ( 274) count  0 offset 471
  ( 275) count  0 offset 471
  ( 276) count  0 offset 471
  ( 277) count  0 offset 471
  ( 278) count  0 offset 471
  ( 279) count  0 offset 471
  ( 280) count  0 offset 471
  ( 281) count  0 offset 471
  ( 282) count  0 offset 471
  ( 283) count  0 offset 471
  ( 284) count  0 offset 471
  ( 285) count  0 offset 471
  ( 286) count  0 offset 471
  ( 287) count  0 offset 471
  ( 288) count  0 offset 471
  ( 289) count  0 offset 471
  ( 290) count  0 offset 471
  ( 291) count  0 offset 471
  ( 292) count  0 offset 471
  ( 293) count  0 offset 471
  ( 294) count  0 offset 471
  ( 295) count  0 offset 471
  ( 296) count  0 offset 471
  ( 297) count  0 offset 471
  ( 298) count  0 offset 471
  ( 299) count  0 offset 471
  ( 300) count  0 offset 471
  ( 301) count  0 offset 471
  ( 302) count  0 offset 471
  ( 303) count  0 offset 471
  ( 304) count  0 offset 471
  ( 305) count  0 offset 471
  ( 306) count  0 offset 471
  ( 307) count  0 offset 471
  ( 308) count  0 offset 471
  ( 309) count  0 offset 471
  ( 310) count  0 offset 471
  ( 311) count  0 offset 471
  ( 312) count  0 offset 471
  field 2 with 1 components
Process 0:
  (   0) count  0 offset   3
  (   1) count  0 offset   6
  (   2) count  0 offset   9
  (   3) count  0 offset  12
  (   4) count  0 offset  15
  (   5) count  0 offset  18
  (   6) count  0 offset  21
  (   7) count  0 offset  24
  (   8) count  0 offset  27
  (   9) count  0 offset  30
  (  10) count  0 offset  33
  (  11) count  0 offset  36
  (  12) count  0 offset  39
  (  13) count  0 offset  42
  (  14) count  0 offset  45
  (  15) count  0 offset  48
  (  16) count  0 offset  51
  (  17) count  0 offset  54
  (  18) count  0 offset  57
  (  19) count  0 offset  60
  (  20) count  0 offset  63
  (  21) count  0 offset  66
  (  22) count  0 offset  69
  (  23) count  0 offset  72
  (  24) count  0 offset  75
  (  25) count  0 offset  78
  (  26) count  0 offset  81
  (  27) count  0 offset  84
  (  28) count  0 offset  87
  (  29) count  0 offset  90
  (  30) count  0 offset  93
  (  31) count  0 offset  96
  (  32) count  0 offset  99
  (  33) count  0 offset 102
  (  34) count  0 offset 105
  (  35) count  0 offset 108
  (  36) count  0 offset 111
  (  37) count  0 offset 114
  (  38) count  0 offset 117
  (  39) count  0 offset 120
  (  40) count  0 offset 123
  (  41) count  0 offset 126
  (  42) count  0 offset 129
  (  43) count  0 offset 132
  (  44) count  0 offset 135
  (  45) count  0 offset 138
  (  46) count  0 offset 141
  (  47) count  0 offset 144
  (  48) count  0 offset 147
  (  49) count  0 offset 150
  (  50) count  0 offset 153
  (  51) count  0 offset 156
  (  52) count  0 offset 159
  (  53) count  0 offset 162
  (  54) count  0 offset 165
  (  55) count  0 offset 168
  (  56) count  0 offset 171
  (  57) count  0 offset 174
  (  58) count  0 offset 177
  (  59) count  0 offset 180
  (  60) count  0 offset 183
  (  61) count  0 offset 186
  (  62) count  0 offset 189
  (  63) count  0 offset 192
  (  64) count  0 offset 195
  (  65) count  0 offset 198
  (  66) count  0 offset 201
  (  67) count  0 offset 204
  (  68) count  0 offset 207
  (  69) count  0 offset 210
  (  70) count  0 offset 213
  (  71) count  0 offset 216
  (  72) count  0 offset 219
  (  73) count  0 offset 222
  (  74) count  0 offset 225
  (  75) count  0 offset 228
  (  76) count  0 offset 231
  (  77) count  0 offset 234
  (  78) count  0 offset 237
  (  79) count  0 offset 240
  (  80) count  0 offset 243
  (  81) count  0 offset 246
  (  82) count  0 offset 249
  (  83) count  0 offset 252
  (  84) count  0 offset 255
  (  85) count  0 offset 258
  (  86) count  0 offset 261
  (  87) count  0 offset 264
  (  88) count  0 offset 267
  (  89) count  0 offset 270
  (  90) count  0 offset 273
  (  91) count  0 offset 276
  (  92) count  0 offset 279
  (  93) count  0 offset 282
  (  94) count  0 offset 285
  (  95) count  0 offset 288
  (  96) count  1 offset 290
  (  97) count  1 offset 293
  (  98) count  1 offset 296
  (  99) count  1 offset 299
  ( 100) count  1 offset 302
  ( 101) count  1 offset 305
  ( 102) count  1 offset 308
  ( 103) count  1 offset 311
  ( 104) count  1 offset 314
  ( 105) count  1 offset 317
  ( 106) count  1 offset 320
  ( 107) count  1 offset 323
  ( 108) count  1 offset 326
  ( 109) count  1 offset 329
  ( 110) count  1 offset 332
  ( 111) count  1 offset 335
  ( 112) count  1 offset 338
  ( 113) count  1 offset 341
  ( 114) count  1 offset 344
  ( 115) count  1 offset 347
  ( 116) count  1 offset 350
  ( 117) count  1 offset 353
  ( 118) count  1 offset 356
  ( 119) count  1 offset 359
  ( 120) count  1 offset 362
  ( 121) count  1 offset 365
  ( 122) count  1 offset 368
  ( 123) count  1 offset 371
  ( 124) count  1 offset 374
  ( 125) count  1 offset 377
  ( 126) count  1 offset 380
  ( 127) count  1 offset 383
  ( 128) count  1 offset 386
  ( 129) count  1 offset 389
  ( 130) count  1 offset 392
  ( 131) count  1 offset 395
  ( 132) count  1 offset 398
  ( 133) count  1 offset 401
  ( 134) count  1 offset 404
  ( 135) count  1 offset 407
  ( 136) count  1 offset 410
  ( 137) count  1 offset 413
  ( 138) count  1 offset 416
  ( 139) count  1 offset 419
  ( 140) count  1 offset 422
  ( 141) count  1 offset 425
  ( 142) count  1 offset 428
  ( 143) count  1 offset 431
  ( 144) count  1 offset 434
  ( 145) count  1 offset 437
  ( 146) count  1 offset 440
  ( 147) count  1 offset 443
  ( 148) count  1 offset 446
  ( 149) count  1 offset 449
  ( 150) count  1 offset 452
  ( 151) count  1 offset 455
  ( 152) count  1 offset 458
  ( 153) count  1 offset 461
  ( 154) count  1 offset 464
  ( 155) count  1 offset 467
  ( 156) count  1 offset 470
  ( 157) count  0 offset 471
  ( 158) count  0 offset 471
  ( 159) count  0 offset 471
  ( 160) count  0 offset 471
  ( 161) count  0 offset 471
  ( 162) count  0 offset 471
  ( 163) count  0 offset 471
  ( 164) count  0 offset 471
  ( 165) count  0 offset 471
  ( 166) count  0 offset 471
  ( 167) count  0 offset 471
  ( 168) count  0 offset 471
  ( 169) count  0 offset 471
  ( 170) count  0 offset 471
  ( 171) count  0 offset 471
  ( 172) count  0 offset 471
  ( 173) count  0 offset 471
  ( 174) count  0 offset 471
  ( 175) count  0 offset 471
  ( 176) count  0 offset 471
  ( 177) count  0 offset 471
  ( 178) count  0 offset 471
  ( 179) count  0 offset 471
  ( 180) count  0 offset 471
  ( 181) count  0 offset 471
  ( 182) count  0 offset 471
  ( 183) count  0 offset 471
  ( 184) count  0 offset 471
  ( 185) count  0 offset 471
  ( 186) count  0 offset 471
  ( 187) count  0 offset 471
  ( 188) count  0 offset 471
  ( 189) count  0 offset 471
  ( 190) count  0 offset 471
  ( 191) count  0 offset 471
  ( 192) count  0 offset 471
  ( 193) count  0 offset 471
  ( 194) count  0 offset 471
  ( 195) count  0 offset 471
  ( 196) count  0 offset 471
  ( 197) count  0 offset 471
  ( 198) count  0 offset 471
  ( 199) count  0 offset 471
  ( 200) count  0 offset 471
  ( 201) count  0 offset 471
  ( 202) count  0 offset 471
  ( 203) count  0 offset 471
  ( 204) count  0 offset 471
  ( 205) count  0 offset 471
  ( 206) count  0 offset 471
  ( 207) count  0 offset 471
  ( 208) count  0 offset 471
  ( 209) count  0 offset 471
  ( 210) count  0 offset 471
  ( 211) count  0 offset 471
  ( 212) count  0 offset 471
  ( 213) count  0 offset 471
  ( 214) count  0 offset 471
  ( 215) count  0 offset 471
  ( 216) count  0 offset 471
  ( 217) count  0 offset 471
  ( 218) count  0 offset 471
  ( 219) count  0 offset 471
  ( 220) count  0 offset 471
  ( 221) count  0 offset 471
  ( 222) count  0 offset 471
  ( 223) count  0 offset 471
  ( 224) count  0 offset 471
  ( 225) count  0 offset 471
  ( 226) count  0 offset 471
  ( 227) count  0 offset 471
  ( 228) count  0 offset 471
  ( 229) count  0 offset 471
  ( 230) count  0 offset 471
  ( 231) count  0 offset 471
  ( 232) count  0 offset 471
  ( 233) count  0 offset 471
  ( 234) count  0 offset 471
  ( 235) count  0 offset 471
  ( 236) count  0 offset 471
  ( 237) count  0 offset 471
  ( 238) count  0 offset 471
  ( 239) count  0 offset 471
  ( 240) count  0 offset 471
  ( 241) count  0 offset 471
  ( 242) count  0 offset 471
  ( 243) count  0 offset 471
  ( 244) count  0 offset 471
  ( 245) count  0 offset 471
  ( 246) count  0 offset 471
  ( 247) count  0 offset 471
  ( 248) count  0 offset 471
  ( 249) count  0 offset 471
  ( 250) count  0 offset 471
  ( 251) count  0 offset 471
  ( 252) count  0 offset 471
  ( 253) count  0 offset 471
  ( 254) count  0 offset 471
  ( 255) count  0 offset 471
  ( 256) count  0 offset 471
  ( 257) count  0 offset 471
  ( 258) count  0 offset 471
  ( 259) count  0 offset 471
  ( 260) count  0 offset 471
  ( 261) count  0 offset 471
  ( 262) count  0 offset 471
  ( 263) count  0 offset 471
  ( 264) count  0 offset 471
  ( 265) count  0 offset 471
  ( 266) count  0 offset 471
  ( 267) count  0 offset 471
  ( 268) count  0 offset 471
  ( 269) count  0 offset 471
  ( 270) count  0 offset 471
  ( 271) count  0 offset 471
  ( 272) count  0 offset 471
  ( 273) count  0 offset 471
  ( 274) count  0 offset 471
  ( 275) count  0 offset 471
  ( 276) count  0 offset 471
  ( 277) count  0 offset 471
  ( 278) count  0 offset 471
  ( 279) count  0 offset 471
  ( 280) count  0 offset 471
  ( 281) count  0 offset 471
  ( 282) count  0 offset 471
  ( 283) count  0 offset 471
  ( 284) count  0 offset 471
  ( 285) count  0 offset 471
  ( 286) count  0 offset 471
  ( 287) count  0 offset 471
  ( 288) count  0 offset 471
  ( 289) count  0 offset 471
  ( 290) count  0 offset 471
  ( 291) count  0 offset 471
  ( 292) count  0 offset 471
  ( 293) count  0 offset 471
  ( 294) count  0 offset 471
  ( 295) count  0 offset 471
  ( 296) count  0 offset 471
  ( 297) count  0 offset 471
  ( 298) count  0 offset 471
  ( 299) count  0 offset 471
  ( 300) count  0 offset 471
  ( 301) count  0 offset 471
  ( 302) count  0 offset 471
  ( 303) count  0 offset 471
  ( 304) count  0 offset 471
  ( 305) count  0 offset 471
  ( 306) count  0 offset 471
  ( 307) count  0 offset 471
  ( 308) count  0 offset 471
  ( 309) count  0 offset 471
  ( 310) count  0 offset 471
  ( 311) count  0 offset 471
  ( 312) count  0 offset 471
