DM Object: cubit(FourSquareT-large.exo): 12/02/2017: 09:20:39 2 MPI processes
  type: plex
cubit(FourSquareT-large.exo): 12/02/2017: 09:20:39 in 2 dimensions:
  Number of 0-cells per rank: 61 0
  Number of 1-cells per rank: 156 0
  Number of 2-cells per rank: 96 0
Labels:
  celltype: 3 strata with value/size (0 (61), 3 (96), 1 (156))
  depth: 3 strata with value/size (0 (61), 1 (156), 2 (96))
  Cell Sets: 4 strata with value/size (1 (24), 2 (18), 3 (28), 5 (26))
PetscViewer Object: 2 MPI processes
  type: exodusii
  Filename:    FourSquareT-large_out.exo
  exoid:       -1
  IO Mode:     1
  Mesh order:  2
PetscViewer Object: 2 MPI processes
  type: exodusii
  Filename:    FourSquareT-large_out.exo
  exoid:       65536
  IO Mode:     1
  Mesh order:  2
DM Object: Parallel Mesh 2 MPI processes
  type: plex
Parallel Mesh in 2 dimensions:
  Number of 0-cells per rank: 40 36
  Number of 1-cells per rank: 85 84
  Number of 2-cells per rank: 48 48
Labels:
  depth: 3 strata with value/size (0 (40), 1 (85), 2 (48))
  celltype: 3 strata with value/size (0 (40), 1 (85), 3 (48))
  Cell Sets: 3 strata with value/size (1 (24), 2 (18), 3 (6))
PetscSection Object: 2 MPI processes
  type not yet set
3 fields
  field 0 with 2 components
Process 0:
  (   0) count  0 offset   0
  (   1) count  0 offset   3
  (   2) count  0 offset   6
  (   3) count  0 offset   9
  (   4) count  0 offset  12
  (   5) count  0 offset  15
  (   6) count  0 offset  18
  (   7) count  0 offset  21
  (   8) count  0 offset  24
  (   9) count  0 offset  27
  (  10) count  0 offset  30
  (  11) count  0 offset  33
  (  12) count  0 offset  36
  (  13) count  0 offset  39
  (  14) count  0 offset  42
  (  15) count  0 offset  45
  (  16) count  0 offset  48
  (  17) count  0 offset  51
  (  18) count  0 offset  54
  (  19) count  0 offset  57
  (  20) count  0 offset  60
  (  21) count  0 offset  63
  (  22) count  0 offset  66
  (  23) count  0 offset  69
  (  24) count  0 offset  72
  (  25) count  0 offset  75
  (  26) count  0 offset  78
  (  27) count  0 offset  81
  (  28) count  0 offset  84
  (  29) count  0 offset  87
  (  30) count  0 offset  90
  (  31) count  0 offset  93
  (  32) count  0 offset  96
  (  33) count  0 offset  99
  (  34) count  0 offset 102
  (  35) count  0 offset 105
  (  36) count  0 offset 108
  (  37) count  0 offset 111
  (  38) count  0 offset 114
  (  39) count  0 offset 117
  (  40) count  0 offset 120
  (  41) count  0 offset 123
  (  42) count  0 offset 126
  (  43) count  0 offset 129
  (  44) count  0 offset 132
  (  45) count  0 offset 135
  (  46) count  0 offset 138
  (  47) count  0 offset 141
  (  48) count  2 offset 144
  (  49) count  2 offset 147
  (  50) count  2 offset 150
  (  51) count  2 offset 153
  (  52) count  2 offset 156
  (  53) count  2 offset 159
  (  54) count  2 offset 162
  (  55) count  2 offset 165
  (  56) count  2 offset 168
  (  57) count  2 offset 171
  (  58) count  2 offset 174
  (  59) count  2 offset 177
  (  60) count  2 offset 180
  (  61) count  2 offset 183
  (  62) count  2 offset 186
  (  63) count  2 offset 189
  (  64) count  2 offset 192
  (  65) count  2 offset 195
  (  66) count  2 offset 198
  (  67) count  2 offset 201
  (  68) count  2 offset 204
  (  69) count  2 offset 207
  (  70) count  2 offset 210
  (  71) count  2 offset 213
  (  72) count  2 offset 216
  (  73) count  2 offset 219
  (  74) count  2 offset 222
  (  75) count  2 offset 225
  (  76) count  2 offset 228
  (  77) count  2 offset 231
  (  78) count  2 offset 234
  (  79) count  2 offset 237
  (  80) count  2 offset 240
  (  81) count  2 offset 243
  (  82) count  2 offset 246
  (  83) count  2 offset 249
  (  84) count  2 offset 252
  (  85) count  2 offset 255
  (  86) count  2 offset 258
  (  87) count  2 offset 261
  (  88) count  2 offset 264
  (  89) count  2 offset 267
  (  90) count  2 offset 270
  (  91) count  2 offset 273
  (  92) count  2 offset 276
  (  93) count  2 offset 279
  (  94) count  2 offset 282
  (  95) count  2 offset 285
  (  96) count  2 offset 288
  (  97) count  2 offset 291
  (  98) count  2 offset 294
  (  99) count  2 offset 297
  ( 100) count  2 offset 300
  ( 101) count  2 offset 303
  ( 102) count  2 offset 306
  ( 103) count  2 offset 309
  ( 104) count  2 offset 312
  ( 105) count  2 offset 315
  ( 106) count  2 offset 318
  ( 107) count  2 offset 321
  ( 108) count  2 offset 324
  ( 109) count  2 offset 327
  ( 110) count  2 offset 330
  ( 111) count  2 offset 333
  ( 112) count  2 offset 336
  ( 113) count  2 offset 339
  ( 114) count  2 offset 342
  ( 115) count  2 offset 345
  ( 116) count  2 offset 348
  ( 117) count  2 offset 351
  ( 118) count  2 offset 354
  ( 119) count  2 offset 357
  ( 120) count  2 offset 360
  ( 121) count  2 offset 363
  ( 122) count  2 offset 366
  ( 123) count  2 offset 369
  ( 124) count  2 offset 372
  ( 125) count  2 offset 375
  ( 126) count  2 offset 378
  ( 127) count  2 offset 381
  ( 128) count  2 offset 384
  ( 129) count  2 offset 387
  ( 130) count  2 offset 390
  ( 131) count  2 offset 393
  ( 132) count  2 offset 396
  ( 133) count  2 offset 399
  ( 134) count  2 offset 402
  ( 135) count  2 offset 405
  ( 136) count  2 offset 408
  ( 137) count  2 offset 411
  ( 138) count  2 offset 414
  ( 139) count  2 offset 417
  ( 140) count  2 offset 420
  ( 141) count  2 offset 423
  ( 142) count  2 offset 426
  ( 143) count  2 offset 429
  ( 144) count  2 offset 432
  ( 145) count  2 offset 435
  ( 146) count  2 offset 438
  ( 147) count  2 offset 441
  ( 148) count  2 offset 444
  ( 149) count  2 offset 447
  ( 150) count  2 offset 450
  ( 151) count  2 offset 453
  ( 152) count  2 offset 456
  ( 153) count  2 offset 459
  ( 154) count  2 offset 462
  ( 155) count  2 offset 465
  ( 156) count  2 offset 468
  ( 157) count  2 offset 471
  ( 158) count  2 offset 474
  ( 159) count  2 offset 477
  ( 160) count  2 offset 480
  ( 161) count  2 offset 483
  ( 162) count  2 offset 486
  ( 163) count  2 offset 489
  ( 164) count  2 offset 492
  ( 165) count  2 offset 495
  ( 166) count  2 offset 498
  ( 167) count  2 offset 501
  ( 168) count  2 offset 504
  ( 169) count  2 offset 507
  ( 170) count  2 offset 510
  ( 171) count  2 offset 513
  ( 172) count  2 offset 516
Process 1:
  (   0) count  0 offset   0
  (   1) count  0 offset   3
  (   2) count  0 offset   6
  (   3) count  0 offset   9
  (   4) count  0 offset  12
  (   5) count  0 offset  15
  (   6) count  0 offset  18
  (   7) count  0 offset  21
  (   8) count  0 offset  24
  (   9) count  0 offset  27
  (  10) count  0 offset  30
  (  11) count  0 offset  33
  (  12) count  0 offset  36
  (  13) count  0 offset  39
  (  14) count  0 offset  42
  (  15) count  0 offset  45
  (  16) count  0 offset  48
  (  17) count  0 offset  51
  (  18) count  0 offset  54
  (  19) count  0 offset  57
  (  20) count  0 offset  60
  (  21) count  0 offset  63
  (  22) count  0 offset  66
  (  23) count  0 offset  69
  (  24) count  0 offset  72
  (  25) count  0 offset  75
  (  26) count  0 offset  78
  (  27) count  0 offset  81
  (  28) count  0 offset  84
  (  29) count  0 offset  87
  (  30) count  0 offset  90
  (  31) count  0 offset  93
  (  32) count  0 offset  96
  (  33) count  0 offset  99
  (  34) count  0 offset 102
  (  35) count  0 offset 105
  (  36) count  0 offset 108
  (  37) count  0 offset 111
  (  38) count  0 offset 114
  (  39) count  0 offset 117
  (  40) count  0 offset 120
  (  41) count  0 offset 123
  (  42) count  0 offset 126
  (  43) count  0 offset 129
  (  44) count  0 offset 132
  (  45) count  0 offset 135
  (  46) count  0 offset 138
  (  47) count  0 offset 141
  (  48) count  2 offset 144
  (  49) count  2 offset 147
  (  50) count  2 offset 150
  (  51) count  2 offset 153
  (  52) count  2 offset 156
  (  53) count  2 offset 159
  (  54) count  2 offset 162
  (  55) count  2 offset 165
  (  56) count  2 offset 168
  (  57) count  2 offset 171
  (  58) count  2 offset 174
  (  59) count  2 offset 177
  (  60) count  2 offset 180
  (  61) count  2 offset 183
  (  62) count  2 offset 186
  (  63) count  2 offset 189
  (  64) count  2 offset 192
  (  65) count  2 offset 195
  (  66) count  2 offset 198
  (  67) count  2 offset 201
  (  68) count  2 offset 204
  (  69) count  2 offset 207
  (  70) count  2 offset 210
  (  71) count  2 offset 213
  (  72) count  2 offset 216
  (  73) count  2 offset 219
  (  74) count  2 offset 222
  (  75) count  2 offset 225
  (  76) count  2 offset 228
  (  77) count  2 offset 231
  (  78) count  2 offset 234
  (  79) count  2 offset 237
  (  80) count  2 offset 240
  (  81) count  2 offset 243
  (  82) count  2 offset 246
  (  83) count  2 offset 249
  (  84) count  2 offset 252
  (  85) count  2 offset 255
  (  86) count  2 offset 258
  (  87) count  2 offset 261
  (  88) count  2 offset 264
  (  89) count  2 offset 267
  (  90) count  2 offset 270
  (  91) count  2 offset 273
  (  92) count  2 offset 276
  (  93) count  2 offset 279
  (  94) count  2 offset 282
  (  95) count  2 offset 285
  (  96) count  2 offset 288
  (  97) count  2 offset 291
  (  98) count  2 offset 294
  (  99) count  2 offset 297
  ( 100) count  2 offset 300
  ( 101) count  2 offset 303
  ( 102) count  2 offset 306
  ( 103) count  2 offset 309
  ( 104) count  2 offset 312
  ( 105) count  2 offset 315
  ( 106) count  2 offset 318
  ( 107) count  2 offset 321
  ( 108) count  2 offset 324
  ( 109) count  2 offset 327
  ( 110) count  2 offset 330
  ( 111) count  2 offset 333
  ( 112) count  2 offset 336
  ( 113) count  2 offset 339
  ( 114) count  2 offset 342
  ( 115) count  2 offset 345
  ( 116) count  2 offset 348
  ( 117) count  2 offset 351
  ( 118) count  2 offset 354
  ( 119) count  2 offset 357
  ( 120) count  2 offset 360
  ( 121) count  2 offset 363
  ( 122) count  2 offset 366
  ( 123) count  2 offset 369
  ( 124) count  2 offset 372
  ( 125) count  2 offset 375
  ( 126) count  2 offset 378
  ( 127) count  2 offset 381
  ( 128) count  2 offset 384
  ( 129) count  2 offset 387
  ( 130) count  2 offset 390
  ( 131) count  2 offset 393
  ( 132) count  2 offset 396
  ( 133) count  2 offset 399
  ( 134) count  2 offset 402
  ( 135) count  2 offset 405
  ( 136) count  2 offset 408
  ( 137) count  2 offset 411
  ( 138) count  2 offset 414
  ( 139) count  2 offset 417
  ( 140) count  2 offset 420
  ( 141) count  2 offset 423
  ( 142) count  2 offset 426
  ( 143) count  2 offset 429
  ( 144) count  2 offset 432
  ( 145) count  2 offset 435
  ( 146) count  2 offset 438
  ( 147) count  2 offset 441
  ( 148) count  2 offset 444
  ( 149) count  2 offset 447
  ( 150) count  2 offset 450
  ( 151) count  2 offset 453
  ( 152) count  2 offset 456
  ( 153) count  2 offset 459
  ( 154) count  2 offset 462
  ( 155) count  2 offset 465
  ( 156) count  2 offset 468
  ( 157) count  2 offset 471
  ( 158) count  2 offset 474
  ( 159) count  2 offset 477
  ( 160) count  2 offset 480
  ( 161) count  2 offset 483
  ( 162) count  2 offset 486
  ( 163) count  2 offset 489
  ( 164) count  2 offset 492
  ( 165) count  2 offset 495
  ( 166) count  2 offset 498
  ( 167) count  2 offset 501
  field 1 with 3 components
Process 0:
  (   0) count  3 offset   0
  (   1) count  3 offset   3
  (   2) count  3 offset   6
  (   3) count  3 offset   9
  (   4) count  3 offset  12
  (   5) count  3 offset  15
  (   6) count  3 offset  18
  (   7) count  3 offset  21
  (   8) count  3 offset  24
  (   9) count  3 offset  27
  (  10) count  3 offset  30
  (  11) count  3 offset  33
  (  12) count  3 offset  36
  (  13) count  3 offset  39
  (  14) count  3 offset  42
  (  15) count  3 offset  45
  (  16) count  3 offset  48
  (  17) count  3 offset  51
  (  18) count  3 offset  54
  (  19) count  3 offset  57
  (  20) count  3 offset  60
  (  21) count  3 offset  63
  (  22) count  3 offset  66
  (  23) count  3 offset  69
  (  24) count  3 offset  72
  (  25) count  3 offset  75
  (  26) count  3 offset  78
  (  27) count  3 offset  81
  (  28) count  3 offset  84
  (  29) count  3 offset  87
  (  30) count  3 offset  90
  (  31) count  3 offset  93
  (  32) count  3 offset  96
  (  33) count  3 offset  99
  (  34) count  3 offset 102
  (  35) count  3 offset 105
  (  36) count  3 offset 108
  (  37) count  3 offset 111
  (  38) count  3 offset 114
  (  39) count  3 offset 117
  (  40) count  3 offset 120
  (  41) count  3 offset 123
  (  42) count  3 offset 126
  (  43) count  3 offset 129
  (  44) count  3 offset 132
  (  45) count  3 offset 135
  (  46) count  3 offset 138
  (  47) count  3 offset 141
  (  48) count  0 offset 146
  (  49) count  0 offset 149
  (  50) count  0 offset 152
  (  51) count  0 offset 155
  (  52) count  0 offset 158
  (  53) count  0 offset 161
  (  54) count  0 offset 164
  (  55) count  0 offset 167
  (  56) count  0 offset 170
  (  57) count  0 offset 173
  (  58) count  0 offset 176
  (  59) count  0 offset 179
  (  60) count  0 offset 182
  (  61) count  0 offset 185
  (  62) count  0 offset 188
  (  63) count  0 offset 191
  (  64) count  0 offset 194
  (  65) count  0 offset 197
  (  66) count  0 offset 200
  (  67) count  0 offset 203
  (  68) count  0 offset 206
  (  69) count  0 offset 209
  (  70) count  0 offset 212
  (  71) count  0 offset 215
  (  72) count  0 offset 218
  (  73) count  0 offset 221
  (  74) count  0 offset 224
  (  75) count  0 offset 227
  (  76) count  0 offset 230
  (  77) count  0 offset 233
  (  78) count  0 offset 236
  (  79) count  0 offset 239
  (  80) count  0 offset 242
  (  81) count  0 offset 245
  (  82) count  0 offset 248
  (  83) count  0 offset 251
  (  84) count  0 offset 254
  (  85) count  0 offset 257
  (  86) count  0 offset 260
  (  87) count  0 offset 263
  (  88) count  0 offset 266
  (  89) count  0 offset 269
  (  90) count  0 offset 272
  (  91) count  0 offset 275
  (  92) count  0 offset 278
  (  93) count  0 offset 281
  (  94) count  0 offset 284
  (  95) count  0 offset 287
  (  96) count  0 offset 290
  (  97) count  0 offset 293
  (  98) count  0 offset 296
  (  99) count  0 offset 299
  ( 100) count  0 offset 302
  ( 101) count  0 offset 305
  ( 102) count  0 offset 308
  ( 103) count  0 offset 311
  ( 104) count  0 offset 314
  ( 105) count  0 offset 317
  ( 106) count  0 offset 320
  ( 107) count  0 offset 323
  ( 108) count  0 offset 326
  ( 109) count  0 offset 329
  ( 110) count  0 offset 332
  ( 111) count  0 offset 335
  ( 112) count  0 offset 338
  ( 113) count  0 offset 341
  ( 114) count  0 offset 344
  ( 115) count  0 offset 347
  ( 116) count  0 offset 350
  ( 117) count  0 offset 353
  ( 118) count  0 offset 356
  ( 119) count  0 offset 359
  ( 120) count  0 offset 362
  ( 121) count  0 offset 365
  ( 122) count  0 offset 368
  ( 123) count  0 offset 371
  ( 124) count  0 offset 374
  ( 125) count  0 offset 377
  ( 126) count  0 offset 380
  ( 127) count  0 offset 383
  ( 128) count  0 offset 386
  ( 129) count  0 offset 389
  ( 130) count  0 offset 392
  ( 131) count  0 offset 395
  ( 132) count  0 offset 398
  ( 133) count  0 offset 401
  ( 134) count  0 offset 404
  ( 135) count  0 offset 407
  ( 136) count  0 offset 410
  ( 137) count  0 offset 413
  ( 138) count  0 offset 416
  ( 139) count  0 offset 419
  ( 140) count  0 offset 422
  ( 141) count  0 offset 425
  ( 142) count  0 offset 428
  ( 143) count  0 offset 431
  ( 144) count  0 offset 434
  ( 145) count  0 offset 437
  ( 146) count  0 offset 440
  ( 147) count  0 offset 443
  ( 148) count  0 offset 446
  ( 149) count  0 offset 449
  ( 150) count  0 offset 452
  ( 151) count  0 offset 455
  ( 152) count  0 offset 458
  ( 153) count  0 offset 461
  ( 154) count  0 offset 464
  ( 155) count  0 offset 467
  ( 156) count  0 offset 470
  ( 157) count  0 offset 473
  ( 158) count  0 offset 476
  ( 159) count  0 offset 479
  ( 160) count  0 offset 482
  ( 161) count  0 offset 485
  ( 162) count  0 offset 488
  ( 163) count  0 offset 491
  ( 164) count  0 offset 494
  ( 165) count  0 offset 497
  ( 166) count  0 offset 500
  ( 167) count  0 offset 503
  ( 168) count  0 offset 506
  ( 169) count  0 offset 509
  ( 170) count  0 offset 512
  ( 171) count  0 offset 515
  ( 172) count  0 offset 518
Process 1:
  (   0) count  3 offset   0
  (   1) count  3 offset   3
  (   2) count  3 offset   6
  (   3) count  3 offset   9
  (   4) count  3 offset  12
  (   5) count  3 offset  15
  (   6) count  3 offset  18
  (   7) count  3 offset  21
  (   8) count  3 offset  24
  (   9) count  3 offset  27
  (  10) count  3 offset  30
  (  11) count  3 offset  33
  (  12) count  3 offset  36
  (  13) count  3 offset  39
  (  14) count  3 offset  42
  (  15) count  3 offset  45
  (  16) count  3 offset  48
  (  17) count  3 offset  51
  (  18) count  3 offset  54
  (  19) count  3 offset  57
  (  20) count  3 offset  60
  (  21) count  3 offset  63
  (  22) count  3 offset  66
  (  23) count  3 offset  69
  (  24) count  3 offset  72
  (  25) count  3 offset  75
  (  26) count  3 offset  78
  (  27) count  3 offset  81
  (  28) count  3 offset  84
  (  29) count  3 offset  87
  (  30) count  3 offset  90
  (  31) count  3 offset  93
  (  32) count  3 offset  96
  (  33) count  3 offset  99
  (  34) count  3 offset 102
  (  35) count  3 offset 105
  (  36) count  3 offset 108
  (  37) count  3 offset 111
  (  38) count  3 offset 114
  (  39) count  3 offset 117
  (  40) count  3 offset 120
  (  41) count  3 offset 123
  (  42) count  3 offset 126
  (  43) count  3 offset 129
  (  44) count  3 offset 132
  (  45) count  3 offset 135
  (  46) count  3 offset 138
  (  47) count  3 offset 141
  (  48) count  0 offset 146
  (  49) count  0 offset 149
  (  50) count  0 offset 152
  (  51) count  0 offset 155
  (  52) count  0 offset 158
  (  53) count  0 offset 161
  (  54) count  0 offset 164
  (  55) count  0 offset 167
  (  56) count  0 offset 170
  (  57) count  0 offset 173
  (  58) count  0 offset 176
  (  59) count  0 offset 179
  (  60) count  0 offset 182
  (  61) count  0 offset 185
  (  62) count  0 offset 188
  (  63) count  0 offset 191
  (  64) count  0 offset 194
  (  65) count  0 offset 197
  (  66) count  0 offset 200
  (  67) count  0 offset 203
  (  68) count  0 offset 206
  (  69) count  0 offset 209
  (  70) count  0 offset 212
  (  71) count  0 offset 215
  (  72) count  0 offset 218
  (  73) count  0 offset 221
  (  74) count  0 offset 224
  (  75) count  0 offset 227
  (  76) count  0 offset 230
  (  77) count  0 offset 233
  (  78) count  0 offset 236
  (  79) count  0 offset 239
  (  80) count  0 offset 242
  (  81) count  0 offset 245
  (  82) count  0 offset 248
  (  83) count  0 offset 251
  (  84) count  0 offset 254
  (  85) count  0 offset 257
  (  86) count  0 offset 260
  (  87) count  0 offset 263
  (  88) count  0 offset 266
  (  89) count  0 offset 269
  (  90) count  0 offset 272
  (  91) count  0 offset 275
  (  92) count  0 offset 278
  (  93) count  0 offset 281
  (  94) count  0 offset 284
  (  95) count  0 offset 287
  (  96) count  0 offset 290
  (  97) count  0 offset 293
  (  98) count  0 offset 296
  (  99) count  0 offset 299
  ( 100) count  0 offset 302
  ( 101) count  0 offset 305
  ( 102) count  0 offset 308
  ( 103) count  0 offset 311
  ( 104) count  0 offset 314
  ( 105) count  0 offset 317
  ( 106) count  0 offset 320
  ( 107) count  0 offset 323
  ( 108) count  0 offset 326
  ( 109) count  0 offset 329
  ( 110) count  0 offset 332
  ( 111) count  0 offset 335
  ( 112) count  0 offset 338
  ( 113) count  0 offset 341
  ( 114) count  0 offset 344
  ( 115) count  0 offset 347
  ( 116) count  0 offset 350
  ( 117) count  0 offset 353
  ( 118) count  0 offset 356
  ( 119) count  0 offset 359
  ( 120) count  0 offset 362
  ( 121) count  0 offset 365
  ( 122) count  0 offset 368
  ( 123) count  0 offset 371
  ( 124) count  0 offset 374
  ( 125) count  0 offset 377
  ( 126) count  0 offset 380
  ( 127) count  0 offset 383
  ( 128) count  0 offset 386
  ( 129) count  0 offset 389
  ( 130) count  0 offset 392
  ( 131) count  0 offset 395
  ( 132) count  0 offset 398
  ( 133) count  0 offset 401
  ( 134) count  0 offset 404
  ( 135) count  0 offset 407
  ( 136) count  0 offset 410
  ( 137) count  0 offset 413
  ( 138) count  0 offset 416
  ( 139) count  0 offset 419
  ( 140) count  0 offset 422
  ( 141) count  0 offset 425
  ( 142) count  0 offset 428
  ( 143) count  0 offset 431
  ( 144) count  0 offset 434
  ( 145) count  0 offset 437
  ( 146) count  0 offset 440
  ( 147) count  0 offset 443
  ( 148) count  0 offset 446
  ( 149) count  0 offset 449
  ( 150) count  0 offset 452
  ( 151) count  0 offset 455
  ( 152) count  0 offset 458
  ( 153) count  0 offset 461
  ( 154) count  0 offset 464
  ( 155) count  0 offset 467
  ( 156) count  0 offset 470
  ( 157) count  0 offset 473
  ( 158) count  0 offset 476
  ( 159) count  0 offset 479
  ( 160) count  0 offset 482
  ( 161) count  0 offset 485
  ( 162) count  0 offset 488
  ( 163) count  0 offset 491
  ( 164) count  0 offset 494
  ( 165) count  0 offset 497
  ( 166) count  0 offset 500
  ( 167) count  0 offset 503
  field 2 with 1 components
Process 0:
  (   0) count  0 offset   3
  (   1) count  0 offset   6
  (   2) count  0 offset   9
  (   3) count  0 offset  12
  (   4) count  0 offset  15
  (   5) count  0 offset  18
  (   6) count  0 offset  21
  (   7) count  0 offset  24
  (   8) count  0 offset  27
  (   9) count  0 offset  30
  (  10) count  0 offset  33
  (  11) count  0 offset  36
  (  12) count  0 offset  39
  (  13) count  0 offset  42
  (  14) count  0 offset  45
  (  15) count  0 offset  48
  (  16) count  0 offset  51
  (  17) count  0 offset  54
  (  18) count  0 offset  57
  (  19) count  0 offset  60
  (  20) count  0 offset  63
  (  21) count  0 offset  66
  (  22) count  0 offset  69
  (  23) count  0 offset  72
  (  24) count  0 offset  75
  (  25) count  0 offset  78
  (  26) count  0 offset  81
  (  27) count  0 offset  84
  (  28) count  0 offset  87
  (  29) count  0 offset  90
  (  30) count  0 offset  93
  (  31) count  0 offset  96
  (  32) count  0 offset  99
  (  33) count  0 offset 102
  (  34) count  0 offset 105
  (  35) count  0 offset 108
  (  36) count  0 offset 111
  (  37) count  0 offset 114
  (  38) count  0 offset 117
  (  39) count  0 offset 120
  (  40) count  0 offset 123
  (  41) count  0 offset 126
  (  42) count  0 offset 129
  (  43) count  0 offset 132
  (  44) count  0 offset 135
  (  45) count  0 offset 138
  (  46) count  0 offset 141
  (  47) count  0 offset 144
  (  48) count  1 offset 146
  (  49) count  1 offset 149
  (  50) count  1 offset 152
  (  51) count  1 offset 155
  (  52) count  1 offset 158
  (  53) count  1 offset 161
  (  54) count  1 offset 164
  (  55) count  1 offset 167
  (  56) count  1 offset 170
  (  57) count  1 offset 173
  (  58) count  1 offset 176
  (  59) count  1 offset 179
  (  60) count  1 offset 182
  (  61) count  1 offset 185
  (  62) count  1 offset 188
  (  63) count  1 offset 191
  (  64) count  1 offset 194
  (  65) count  1 offset 197
  (  66) count  1 offset 200
  (  67) count  1 offset 203
  (  68) count  1 offset 206
  (  69) count  1 offset 209
  (  70) count  1 offset 212
  (  71) count  1 offset 215
  (  72) count  1 offset 218
  (  73) count  1 offset 221
  (  74) count  1 offset 224
  (  75) count  1 offset 227
  (  76) count  1 offset 230
  (  77) count  1 offset 233
  (  78) count  1 offset 236
  (  79) count  1 offset 239
  (  80) count  1 offset 242
  (  81) count  1 offset 245
  (  82) count  1 offset 248
  (  83) count  1 offset 251
  (  84) count  1 offset 254
  (  85) count  1 offset 257
  (  86) count  1 offset 260
  (  87) count  1 offset 263
  (  88) count  1 offset 266
  (  89) count  1 offset 269
  (  90) count  1 offset 272
  (  91) count  1 offset 275
  (  92) count  1 offset 278
  (  93) count  1 offset 281
  (  94) count  1 offset 284
  (  95) count  1 offset 287
  (  96) count  1 offset 290
  (  97) count  1 offset 293
  (  98) count  1 offset 296
  (  99) count  1 offset 299
  ( 100) count  1 offset 302
  ( 101) count  1 offset 305
  ( 102) count  1 offset 308
  ( 103) count  1 offset 311
  ( 104) count  1 offset 314
  ( 105) count  1 offset 317
  ( 106) count  1 offset 320
  ( 107) count  1 offset 323
  ( 108) count  1 offset 326
  ( 109) count  1 offset 329
  ( 110) count  1 offset 332
  ( 111) count  1 offset 335
  ( 112) count  1 offset 338
  ( 113) count  1 offset 341
  ( 114) count  1 offset 344
  ( 115) count  1 offset 347
  ( 116) count  1 offset 350
  ( 117) count  1 offset 353
  ( 118) count  1 offset 356
  ( 119) count  1 offset 359
  ( 120) count  1 offset 362
  ( 121) count  1 offset 365
  ( 122) count  1 offset 368
  ( 123) count  1 offset 371
  ( 124) count  1 offset 374
  ( 125) count  1 offset 377
  ( 126) count  1 offset 380
  ( 127) count  1 offset 383
  ( 128) count  1 offset 386
  ( 129) count  1 offset 389
  ( 130) count  1 offset 392
  ( 131) count  1 offset 395
  ( 132) count  1 offset 398
  ( 133) count  1 offset 401
  ( 134) count  1 offset 404
  ( 135) count  1 offset 407
  ( 136) count  1 offset 410
  ( 137) count  1 offset 413
  ( 138) count  1 offset 416
  ( 139) count  1 offset 419
  ( 140) count  1 offset 422
  ( 141) count  1 offset 425
  ( 142) count  1 offset 428
  ( 143) count  1 offset 431
  ( 144) count  1 offset 434
  ( 145) count  1 offset 437
  ( 146) count  1 offset 440
  ( 147) count  1 offset 443
  ( 148) count  1 offset 446
  ( 149) count  1 offset 449
  ( 150) count  1 offset 452
  ( 151) count  1 offset 455
  ( 152) count  1 offset 458
  ( 153) count  1 offset 461
  ( 154) count  1 offset 464
  ( 155) count  1 offset 467
  ( 156) count  1 offset 470
  ( 157) count  1 offset 473
  ( 158) count  1 offset 476
  ( 159) count  1 offset 479
  ( 160) count  1 offset 482
  ( 161) count  1 offset 485
  ( 162) count  1 offset 488
  ( 163) count  1 offset 491
  ( 164) count  1 offset 494
  ( 165) count  1 offset 497
  ( 166) count  1 offset 500
  ( 167) count  1 offset 503
  ( 168) count  1 offset 506
  ( 169) count  1 offset 509
  ( 170) count  1 offset 512
  ( 171) count  1 offset 515
  ( 172) count  1 offset 518
Process 1:
  (   0) count  0 offset   3
  (   1) count  0 offset   6
  (   2) count  0 offset   9
  (   3) count  0 offset  12
  (   4) count  0 offset  15
  (   5) count  0 offset  18
  (   6) count  0 offset  21
  (   7) count  0 offset  24
  (   8) count  0 offset  27
  (   9) count  0 offset  30
  (  10) count  0 offset  33
  (  11) count  0 offset  36
  (  12) count  0 offset  39
  (  13) count  0 offset  42
  (  14) count  0 offset  45
  (  15) count  0 offset  48
  (  16) count  0 offset  51
  (  17) count  0 offset  54
  (  18) count  0 offset  57
  (  19) count  0 offset  60
  (  20) count  0 offset  63
  (  21) count  0 offset  66
  (  22) count  0 offset  69
  (  23) count  0 offset  72
  (  24) count  0 offset  75
  (  25) count  0 offset  78
  (  26) count  0 offset  81
  (  27) count  0 offset  84
  (  28) count  0 offset  87
  (  29) count  0 offset  90
  (  30) count  0 offset  93
  (  31) count  0 offset  96
  (  32) count  0 offset  99
  (  33) count  0 offset 102
  (  34) count  0 offset 105
  (  35) count  0 offset 108
  (  36) count  0 offset 111
  (  37) count  0 offset 114
  (  38) count  0 offset 117
  (  39) count  0 offset 120
  (  40) count  0 offset 123
  (  41) count  0 offset 126
  (  42) count  0 offset 129
  (  43) count  0 offset 132
  (  44) count  0 offset 135
  (  45) count  0 offset 138
  (  46) count  0 offset 141
  (  47) count  0 offset 144
  (  48) count  1 offset 146
  (  49) count  1 offset 149
  (  50) count  1 offset 152
  (  51) count  1 offset 155
  (  52) count  1 offset 158
  (  53) count  1 offset 161
  (  54) count  1 offset 164
  (  55) count  1 offset 167
  (  56) count  1 offset 170
  (  57) count  1 offset 173
  (  58) count  1 offset 176
  (  59) count  1 offset 179
  (  60) count  1 offset 182
  (  61) count  1 offset 185
  (  62) count  1 offset 188
  (  63) count  1 offset 191
  (  64) count  1 offset 194
  (  65) count  1 offset 197
  (  66) count  1 offset 200
  (  67) count  1 offset 203
  (  68) count  1 offset 206
  (  69) count  1 offset 209
  (  70) count  1 offset 212
  (  71) count  1 offset 215
  (  72) count  1 offset 218
  (  73) count  1 offset 221
  (  74) count  1 offset 224
  (  75) count  1 offset 227
  (  76) count  1 offset 230
  (  77) count  1 offset 233
  (  78) count  1 offset 236
  (  79) count  1 offset 239
  (  80) count  1 offset 242
  (  81) count  1 offset 245
  (  82) count  1 offset 248
  (  83) count  1 offset 251
  (  84) count  1 offset 254
  (  85) count  1 offset 257
  (  86) count  1 offset 260
  (  87) count  1 offset 263
  (  88) count  1 offset 266
  (  89) count  1 offset 269
  (  90) count  1 offset 272
  (  91) count  1 offset 275
  (  92) count  1 offset 278
  (  93) count  1 offset 281
  (  94) count  1 offset 284
  (  95) count  1 offset 287
  (  96) count  1 offset 290
  (  97) count  1 offset 293
  (  98) count  1 offset 296
  (  99) count  1 offset 299
  ( 100) count  1 offset 302
  ( 101) count  1 offset 305
  ( 102) count  1 offset 308
  ( 103) count  1 offset 311
  ( 104) count  1 offset 314
  ( 105) count  1 offset 317
  ( 106) count  1 offset 320
  ( 107) count  1 offset 323
  ( 108) count  1 offset 326
  ( 109) count  1 offset 329
  ( 110) count  1 offset 332
  ( 111) count  1 offset 335
  ( 112) count  1 offset 338
  ( 113) count  1 offset 341
  ( 114) count  1 offset 344
  ( 115) count  1 offset 347
  ( 116) count  1 offset 350
  ( 117) count  1 offset 353
  ( 118) count  1 offset 356
  ( 119) count  1 offset 359
  ( 120) count  1 offset 362
  ( 121) count  1 offset 365
  ( 122) count  1 offset 368
  ( 123) count  1 offset 371
  ( 124) count  1 offset 374
  ( 125) count  1 offset 377
  ( 126) count  1 offset 380
  ( 127) count  1 offset 383
  ( 128) count  1 offset 386
  ( 129) count  1 offset 389
  ( 130) count  1 offset 392
  ( 131) count  1 offset 395
  ( 132) count  1 offset 398
  ( 133) count  1 offset 401
  ( 134) count  1 offset 404
  ( 135) count  1 offset 407
  ( 136) count  1 offset 410
  ( 137) count  1 offset 413
  ( 138) count  1 offset 416
  ( 139) count  1 offset 419
  ( 140) count  1 offset 422
  ( 141) count  1 offset 425
  ( 142) count  1 offset 428
  ( 143) count  1 offset 431
  ( 144) count  1 offset 434
  ( 145) count  1 offset 437
  ( 146) count  1 offset 440
  ( 147) count  1 offset 443
  ( 148) count  1 offset 446
  ( 149) count  1 offset 449
  ( 150) count  1 offset 452
  ( 151) count  1 offset 455
  ( 152) count  1 offset 458
  ( 153) count  1 offset 461
  ( 154) count  1 offset 464
  ( 155) count  1 offset 467
  ( 156) count  1 offset 470
  ( 157) count  1 offset 473
  ( 158) count  1 offset 476
  ( 159) count  1 offset 479
  ( 160) count  1 offset 482
  ( 161) count  1 offset 485
  ( 162) count  1 offset 488
  ( 163) count  1 offset 491
  ( 164) count  1 offset 494
  ( 165) count  1 offset 497
  ( 166) count  1 offset 500
  ( 167) count  1 offset 503
