Minimum number of neighbors: 1
Vec Object: 2 MPI processes
  type: mpi
Process [0]
1.
2.
3.
4.
Process [1]
5.
6.
7.
8.
Vec Object: 1 MPI processes
  type: seq
1.
2.
3.
4.
DM Object: Generated Mesh 2 MPI processes
  type: plex
Generated Mesh in 2 dimensions:
Supports:
[0] Max support size: 5
[0]: 4 ----> 11
[0]: 4 ----> 13
[0]: 5 ----> 11
[0]: 5 ----> 12
[0]: 5 ----> 17
[0]: 6 ----> 18
[0]: 6 ----> 19
[0]: 7 ----> 12
[0]: 7 ----> 13
[0]: 7 ----> 15
[0]: 7 ----> 16
[0]: 8 ----> 14
[0]: 8 ----> 16
[0]: 8 ----> 17
[0]: 8 ----> 18
[0]: 8 ----> 20
[0]: 9 ----> 19
[0]: 9 ----> 20
[0]: 10 ----> 14
[0]: 10 ----> 15
[0]: 11 ----> 0
[0]: 12 ----> 0
[0]: 12 ----> 2
[0]: 13 ----> 0
[0]: 14 ----> 1
[0]: 15 ----> 1
[0]: 16 ----> 1
[0]: 16 ----> 2
[0]: 17 ----> 2
[0]: 18 ----> 3
[0]: 19 ----> 3
[0]: 20 ----> 3
Vec Object: 1 MPI processes
  type: seq
5.
6.
7.
8.
[1] Max support size: 5
[1]: 4 ----> 12
[1]: 4 ----> 15
[1]: 5 ----> 13
[1]: 5 ----> 15
[1]: 6 ----> 11
[1]: 6 ----> 12
[1]: 6 ----> 13
[1]: 6 ----> 14
[1]: 6 ----> 19
[1]: 7 ----> 14
[1]: 7 ----> 16
[1]: 7 ----> 17
[1]: 8 ----> 11
[1]: 8 ----> 20
[1]: 9 ----> 16
[1]: 9 ----> 18
[1]: 9 ----> 19
[1]: 9 ----> 20
[1]: 10 ----> 17
[1]: 10 ----> 18
[1]: 11 ----> 3
[1]: 12 ----> 0
[1]: 13 ----> 0
[1]: 14 ----> 2
[1]: 15 ----> 0
[1]: 16 ----> 1
[1]: 16 ----> 2
[1]: 17 ----> 1
[1]: 18 ----> 1
[1]: 19 ----> 2
[1]: 19 ----> 3
[1]: 20 ----> 3
Cones:
[0] Max cone size: 3
[0]: 0 <---- 11 (0)
[0]: 0 <---- 12 (0)
[0]: 0 <---- 13 (0)
[0]: 1 <---- 14 (0)
[0]: 1 <---- 15 (0)
[0]: 1 <---- 16 (0)
[0]: 2 <---- 12 (-1)
[0]: 2 <---- 17 (0)
[0]: 2 <---- 16 (-1)
[0]: 3 <---- 18 (0)
[0]: 3 <---- 19 (0)
[0]: 3 <---- 20 (0)
[0]: 11 <---- 4 (0)
[0]: 11 <---- 5 (0)
[0]: 12 <---- 5 (0)
[0]: 12 <---- 7 (0)
[0]: 13 <---- 7 (0)
[0]: 13 <---- 4 (0)
[0]: 14 <---- 8 (0)
[0]: 14 <---- 10 (0)
[0]: 15 <---- 10 (0)
[0]: 15 <---- 7 (0)
[0]: 16 <---- 7 (0)
[0]: 16 <---- 8 (0)
[0]: 17 <---- 5 (0)
[0]: 17 <---- 8 (0)
[0]: 18 <---- 8 (0)
[0]: 18 <---- 6 (0)
[0]: 19 <---- 6 (0)
[0]: 19 <---- 9 (0)
[0]: 20 <---- 9 (0)
[0]: 20 <---- 8 (0)
[1] Max cone size: 3
[1]: 0 <---- 13 (-1)
[1]: 0 <---- 12 (-1)
[1]: 0 <---- 15 (0)
[1]: 1 <---- 16 (0)
[1]: 1 <---- 17 (0)
[1]: 1 <---- 18 (0)
[1]: 2 <---- 16 (-1)
[1]: 2 <---- 19 (0)
[1]: 2 <---- 14 (-1)
[1]: 3 <---- 19 (-1)
[1]: 3 <---- 20 (0)
[1]: 3 <---- 11 (-1)
[1]: 11 <---- 6 (0)
[1]: 11 <---- 8 (0)
[1]: 12 <---- 4 (0)
[1]: 12 <---- 6 (0)
[1]: 13 <---- 6 (0)
[1]: 13 <---- 5 (0)
[1]: 14 <---- 7 (0)
[1]: 14 <---- 6 (0)
[1]: 15 <---- 4 (0)
[1]: 15 <---- 5 (0)
[1]: 16 <---- 9 (0)
[1]: 16 <---- 7 (0)
[1]: 17 <---- 7 (0)
[1]: 17 <---- 10 (0)
[1]: 18 <---- 10 (0)
[1]: 18 <---- 9 (0)
[1]: 19 <---- 9 (0)
[1]: 19 <---- 6 (0)
[1]: 20 <---- 9 (0)
[1]: 20 <---- 8 (0)
coordinates with 1 fields
  field 0 with 2 components
Process 0:
  (   0) dim  0 offset   0
  (   1) dim  0 offset   0
  (   2) dim  0 offset   0
  (   3) dim  0 offset   0
  (   4) dim  2 offset   0 0. 0.
  (   5) dim  2 offset   2 0.5 0.
  (   6) dim  2 offset   4 1. 0.
  (   7) dim  2 offset   6 0. 0.5
  (   8) dim  2 offset   8 0.5 0.5
  (   9) dim  2 offset  10 1. 0.5
  (  10) dim  2 offset  12 0. 1.
  (  11) dim  0 offset  14
  (  12) dim  0 offset  14
  (  13) dim  0 offset  14
  (  14) dim  0 offset  14
  (  15) dim  0 offset  14
  (  16) dim  0 offset  14
  (  17) dim  0 offset  14
  (  18) dim  0 offset  14
  (  19) dim  0 offset  14
  (  20) dim  0 offset  14
Process 1:
  (   0) dim  0 offset   0
  (   1) dim  0 offset   0
  (   2) dim  0 offset   0
  (   3) dim  0 offset   0
  (   4) dim  2 offset   0 0.5 0.
  (   5) dim  2 offset   2 1. 0.
  (   6) dim  2 offset   4 0.5 0.5
  (   7) dim  2 offset   6 1. 0.5
  (   8) dim  2 offset   8 0. 1.
  (   9) dim  2 offset  10 0.5 1.
  (  10) dim  2 offset  12 1. 1.
  (  11) dim  0 offset  14
  (  12) dim  0 offset  14
  (  13) dim  0 offset  14
  (  14) dim  0 offset  14
  (  15) dim  0 offset  14
  (  16) dim  0 offset  14
  (  17) dim  0 offset  14
  (  18) dim  0 offset  14
  (  19) dim  0 offset  14
  (  20) dim  0 offset  14
Labels:
Label 'celltype':
[0]: 4 (0)
[0]: 5 (0)
[0]: 6 (0)
[0]: 7 (0)
[0]: 8 (0)
[0]: 9 (0)
[0]: 10 (0)
[0]: 11 (1)
[0]: 12 (1)
[0]: 13 (1)
[0]: 14 (1)
[0]: 15 (1)
[0]: 16 (1)
[0]: 17 (1)
[0]: 18 (1)
[0]: 19 (1)
[0]: 20 (1)
[0]: 0 (3)
[0]: 1 (3)
[0]: 2 (3)
[0]: 3 (3)
[1]: 4 (0)
[1]: 5 (0)
[1]: 6 (0)
[1]: 7 (0)
[1]: 8 (0)
[1]: 9 (0)
[1]: 10 (0)
[1]: 11 (1)
[1]: 12 (1)
[1]: 13 (1)
[1]: 14 (1)
[1]: 15 (1)
[1]: 16 (1)
[1]: 17 (1)
[1]: 18 (1)
[1]: 19 (1)
[1]: 20 (1)
[1]: 0 (3)
[1]: 1 (3)
[1]: 2 (3)
[1]: 3 (3)
Label 'marker':
[0]: 4 (1)
[0]: 5 (1)
[0]: 6 (1)
[0]: 7 (1)
[0]: 9 (1)
[0]: 10 (1)
[0]: 11 (1)
[0]: 13 (1)
[0]: 15 (1)
[0]: 19 (1)
[1]: 4 (1)
[1]: 5 (1)
[1]: 7 (1)
[1]: 8 (1)
[1]: 9 (1)
[1]: 10 (1)
[1]: 15 (1)
[1]: 17 (1)
[1]: 18 (1)
[1]: 20 (1)
Label 'Face Sets':
[0]: 11 (1)
[0]: 13 (1)
[0]: 15 (1)
[0]: 19 (1)
[1]: 15 (1)
[1]: 17 (1)
[1]: 18 (1)
[1]: 20 (1)
Label 'pt_core':
[1]: 0 (1)
[1]: 1 (1)
[1]: 2 (1)
[1]: 3 (1)
[1]: 4 (1)
[1]: 5 (1)
[1]: 6 (1)
[1]: 7 (1)
[1]: 8 (1)
[1]: 9 (1)
[1]: 10 (1)
[1]: 11 (1)
[1]: 12 (1)
[1]: 13 (1)
[1]: 14 (1)
[1]: 15 (1)
[1]: 16 (1)
[1]: 17 (1)
[1]: 18 (1)
[1]: 19 (1)
[1]: 20 (1)
Label 'pt_owned':
[0]: 0 (1)
[0]: 1 (1)
[0]: 2 (1)
[0]: 3 (1)
[0]: 4 (1)
[0]: 7 (1)
[0]: 11 (1)
[0]: 12 (1)
[0]: 13 (1)
[0]: 15 (1)
[0]: 16 (1)
[0]: 19 (1)
Label 'pt_ghost':
[0]: 5 (1)
[0]: 6 (1)
[0]: 8 (1)
[0]: 9 (1)
[0]: 10 (1)
[0]: 14 (1)
[0]: 17 (1)
[0]: 18 (1)
[0]: 20 (1)
PetscSF Object: 2 MPI processes
  type: basic
  [0] Number of roots=21, leaves=9, remote ranks=1
  [0] 5 <- (1,4)
  [0] 6 <- (1,5)
  [0] 8 <- (1,6)
  [0] 9 <- (1,7)
  [0] 10 <- (1,8)
  [0] 14 <- (1,11)
  [0] 17 <- (1,12)
  [0] 18 <- (1,13)
  [0] 20 <- (1,14)
  [1] Number of roots=21, leaves=0, remote ranks=0
  [0] Roots referenced by my leaves, by rank
  [0] 1: 9 edges
  [0]    5 <- 4
  [0]    6 <- 5
  [0]    8 <- 6
  [0]    9 <- 7
  [0]    10 <- 8
  [0]    14 <- 11
  [0]    17 <- 12
  [0]    18 <- 13
  [0]    20 <- 14
  [1] Roots referenced by my leaves, by rank
  MultiSF sort=rank-order
