PetscSection Object: 1 MPI processes
  type not yet set
Process 0:
  (   0) count  3 offset   0
  (   1) count  3 offset   3
  (   2) count  3 offset   6
  (   3) count  3 offset   9
  (   4) count  3 offset  12
