DM Object: box 1 MPI processes
  type: plex
box in 2 dimensions:
  Number of 0-cells per rank: 121
  Number of 1-cells per rank: 220
  Number of 2-cells per rank: 100
Labels:
  marker: 1 strata with value/size (1 (80))
  Face Sets: 4 strata with value/size (4 (10), 2 (10), 1 (10), 3 (10))
  depth: 3 strata with value/size (0 (121), 1 (220), 2 (100))
  celltype: 3 strata with value/size (4 (100), 0 (121), 1 (220))
Time     Step Part     Energy
0.000000    0    0   500.0000
0.000000    0    1   500.0000
0.000000    0    2   500.0000
0.000000    0    3   500.0000
0.000000    0    4   500.0000
0.000000    0    5   250.0000
0.000000    0    6   250.0000
0.000000    0    7   250.0000
0.000000    0    8   250.0000
0.000000    0    9   250.0000
0.000500   50    0   500.0025
0.000500   50    1   499.9809
0.000500   50    2   499.9817
0.000500   50    3   500.0224
0.000500   50    4   500.0261
0.000500   50    5   250.0002
0.000500   50    6   249.9934
0.000500   50    7   249.9820
0.000500   50    8   250.0180
0.000500   50    9   250.0066
0.001000  100    0   500.0054
0.001000  100    1   499.9640
0.001000  100    2   499.9626
0.001000  100    3   500.0438
0.001000  100    4   500.0542
0.001000  100    5   250.0004
0.001000  100    6   249.9867
0.001000  100    7   249.9636
0.001000  100    8   250.0357
0.001000  100    9   250.0130
t 0.001: p0 error [5.1e-06 0.00033] sol [(0.999495 0.031618) (-1.000120 31.607128)] exact [(0.999500 0.031618) (-0.999833 31.606967)] energy/exact energy 500.005 / 500. (0.0010753199%)
t 0.001: p1 error [6.7e-06 0.0035] sol [(0.278791 0.960345) (-30.368802 8.812705)] exact [(0.278792 0.960351) (-30.368977 8.816192)] energy/exact energy 499.964 / 500. (0.0072059866%)
t 0.001: p2 error [6.4e-06 0.003] sol [(-0.827191 0.561909) (-17.766292 -26.158824)] exact [(-0.827197 0.561912) (-17.769227 -26.158260)] energy/exact energy 499.963 / 500. (0.0074787850%)
t 0.001: p3 error [6.4e-06 0.0029] sol [(-0.790023 -0.613067) (19.389893 -24.982385)] exact [(-0.790028 -0.613070) (19.386991 -24.982886)] energy/exact energy 500.044 / 500. (0.0087504819%)
t 0.001: p4 error [6.7e-06 0.0037] sol [(0.338931 -0.940804) (29.751532 10.721697)] exact [(0.338933 -0.940811) (29.751046 10.717988)] energy/exact energy 500.054 / 500. (0.0108479462%)
t 0.001: p5 error [1.3e-06 0.00015] sol [(1.999874 0.022360) (-0.250146 22.359297)] exact [(1.999875 0.022360) (-0.249995 22.359282)] energy/exact energy 250. / 250. (0.0001450556%)
t 0.001: p6 error [2.7e-06 0.0029] sol [(0.596729 1.908901) (-21.342487 6.668707)] exact [(0.596730 1.908904) (-21.342194 6.671639)] energy/exact energy 249.987 / 250. (0.0053214856%)
t 0.001: p7 error [1.2e-06 0.0018] sol [(-1.631075 1.157407) (-12.939830 -18.234253)] exact [(-1.631076 1.157407) (-12.940206 -18.235983)] energy/exact energy 249.964 / 250. (0.0145633227%)
t 0.001: p8 error [1.2e-06 0.0017] sol [(-1.604789 -1.193587) (13.345092 -17.943797)] exact [(-1.604790 -1.193587) (13.344706 -17.942096)] energy/exact energy 250.036 / 250. (0.0142662398%)
t 0.001: p9 error [2.7e-06 0.0029] sol [(0.639261 -1.895082) (21.187345 7.149992)] exact [(0.639261 -1.895084) (21.187688 7.147157)] energy/exact energy 250.013 / 250. (0.0051981420%)
Time     Step Part     Energy
0.000000    0    0   500.0000
0.000000    0    1   500.0000
0.000000    0    2   500.0000
0.000000    0    3   500.0000
0.000000    0    4   500.0000
0.000000    0    5   250.0000
0.000000    0    6   250.0000
0.000000    0    7   250.0000
0.000000    0    8   250.0000
0.000000    0    9   250.0000
0.000250   50    0   500.0006
0.000250   50    1   499.9896
0.000250   50    2   499.9903
0.000250   50    3   500.0107
0.000250   50    4   500.0122
0.000250   50    5   250.0000
0.000250   50    6   249.9967
0.000250   50    7   249.9910
0.000250   50    8   250.0090
0.000250   50    9   250.0033
0.000500  100    0   500.0013
0.000500  100    1   499.9797
0.000500  100    2   499.9804
0.000500  100    3   500.0212
0.000500  100    4   500.0249
0.000500  100    5   250.0001
0.000500  100    6   249.9934
0.000500  100    7   249.9819
0.000500  100    8   250.0179
0.000500  100    9   250.0066
0.000750  150    0   500.0020
0.000750  150    1   499.9703
0.000750  150    2   499.9703
0.000750  150    3   500.0313
0.000750  150    4   500.0381
0.000750  150    5   250.0001
0.000750  150    6   249.9900
0.000750  150    7   249.9727
0.000750  150    8   250.0268
0.000750  150    9   250.0097
0.001000  200    0   500.0029
0.001000  200    1   499.9615
0.001000  200    2   499.9601
0.001000  200    3   500.0412
0.001000  200    4   500.0517
0.001000  200    5   250.0002
0.001000  200    6   249.9865
0.001000  200    7   249.9634
0.001000  200    8   250.0355
0.001000  200    9   250.0128
t 0.001: p0 error [2.6e-06 0.0003] sol [(0.999497 0.031618) (-1.000121 31.607049)] exact [(0.999500 0.031618) (-0.999833 31.606967)] energy/exact energy 500.003 / 500. (0.0005759332%)
t 0.001: p1 error [4.2e-06 0.0035] sol [(0.278792 0.960347) (-30.368727 8.812681)] exact [(0.278792 0.960351) (-30.368977 8.816192)] energy/exact energy 499.961 / 500. (0.0077046485%)
t 0.001: p2 error [3.9e-06 0.003] sol [(-0.827193 0.561911) (-17.766245 -26.158760)] exact [(-0.827197 0.561912) (-17.769227 -26.158260)] energy/exact energy 499.96 / 500. (0.0079827354%)
t 0.001: p3 error [3.9e-06 0.0029] sol [(-0.790025 -0.613069) (19.389846 -24.982320)] exact [(-0.790028 -0.613070) (19.386991 -24.982886)] energy/exact energy 500.041 / 500. (0.0082460270%)
t 0.001: p4 error [4.3e-06 0.0037] sol [(0.338932 -0.940806) (29.751457 10.721673)] exact [(0.338933 -0.940811) (29.751046 10.717988)] energy/exact energy 500.052 / 500. (0.0103488359%)
t 0.001: p5 error [6.8e-07 0.00015] sol [(1.999874 0.022360) (-0.250146 22.359290)] exact [(1.999875 0.022360) (-0.249995 22.359282)] energy/exact energy 250. / 250. (0.0000826364%)
t 0.001: p6 error [2.1e-06 0.0029] sol [(0.596729 1.908902) (-21.342480 6.668705)] exact [(0.596730 1.908904) (-21.342194 6.671639)] energy/exact energy 249.987 / 250. (0.0053862335%)
t 0.001: p7 error [8.6e-07 0.0018] sol [(-1.631075 1.157408) (-12.939826 -18.234247)] exact [(-1.631076 1.157407) (-12.940206 -18.235983)] energy/exact energy 249.963 / 250. (0.0146267239%)
t 0.001: p8 error [8.5e-07 0.0017] sol [(-1.604789 -1.193587) (13.345088 -17.943791)] exact [(-1.604790 -1.193587) (13.344706 -17.942096)] energy/exact energy 250.036 / 250. (0.0142025898%)
t 0.001: p9 error [2.1e-06 0.0029] sol [(0.639261 -1.895082) (21.187339 7.149990)] exact [(0.639261 -1.895084) (21.187688 7.147157)] energy/exact energy 250.013 / 250. (0.0051331292%)
Time     Step Part     Energy
0.000000    0    0   500.0000
0.000000    0    1   500.0000
0.000000    0    2   500.0000
0.000000    0    3   500.0000
0.000000    0    4   500.0000
0.000000    0    5   250.0000
0.000000    0    6   250.0000
0.000000    0    7   250.0000
0.000000    0    8   250.0000
0.000000    0    9   250.0000
0.000125   50    0   500.0002
0.000125   50    1   499.9946
0.000125   50    2   499.9950
0.000125   50    3   500.0052
0.000125   50    4   500.0059
0.000125   50    5   250.0000
0.000125   50    6   249.9984
0.000125   50    7   249.9955
0.000125   50    8   250.0045
0.000125   50    9   250.0017
0.000250  100    0   500.0003
0.000250  100    1   499.9893
0.000250  100    2   499.9900
0.000250  100    3   500.0104
0.000250  100    4   500.0119
0.000250  100    5   250.0000
0.000250  100    6   249.9967
0.000250  100    7   249.9910
0.000250  100    8   250.0090
0.000250  100    9   250.0033
0.000375  150    0   500.0005
0.000375  150    1   499.9841
0.000375  150    2   499.9849
0.000375  150    3   500.0155
0.000375  150    4   500.0180
0.000375  150    5   250.0000
0.000375  150    6   249.9950
0.000375  150    7   249.9864
0.000375  150    8   250.0135
0.000375  150    9   250.0049
0.000500  200    0   500.0007
0.000500  200    1   499.9790
0.000500  200    2   499.9798
0.000500  200    3   500.0205
0.000500  200    4   500.0243
0.000500  200    5   250.0000
0.000500  200    6   249.9933
0.000500  200    7   249.9818
0.000500  200    8   250.0179
0.000500  200    9   250.0065
0.000625  250    0   500.0009
0.000625  250    1   499.9741
0.000625  250    2   499.9746
0.000625  250    3   500.0255
0.000625  250    4   500.0306
0.000625  250    5   250.0001
0.000625  250    6   249.9916
0.000625  250    7   249.9772
0.000625  250    8   250.0223
0.000625  250    9   250.0081
0.000750  300    0   500.0011
0.000750  300    1   499.9694
0.000750  300    2   499.9694
0.000750  300    3   500.0304
0.000750  300    4   500.0371
0.000750  300    5   250.0001
0.000750  300    6   249.9899
0.000750  300    7   249.9726
0.000750  300    8   250.0267
0.000750  300    9   250.0097
0.000875  350    0   500.0014
0.000875  350    1   499.9647
0.000875  350    2   499.9641
0.000875  350    3   500.0352
0.000875  350    4   500.0438
0.000875  350    5   250.0001
0.000875  350    6   249.9882
0.000875  350    7   249.9680
0.000875  350    8   250.0311
0.000875  350    9   250.0112
0.001000  400    0   500.0016
0.001000  400    1   499.9602
0.001000  400    2   499.9588
0.001000  400    3   500.0400
0.001000  400    4   500.0505
0.001000  400    5   250.0001
0.001000  400    6   249.9865
0.001000  400    7   249.9634
0.001000  400    8   250.0354
0.001000  400    9   250.0128
t 0.001: p0 error [1.3e-06 0.00029] sol [(0.999499 0.031618) (-1.000122 31.607009)] exact [(0.999500 0.031618) (-0.999833 31.606967)] energy/exact energy 500.002 / 500. (0.0003262404%)
t 0.001: p1 error [3e-06 0.0035] sol [(0.278792 0.960348) (-30.368690 8.812669)] exact [(0.278792 0.960351) (-30.368977 8.816192)] energy/exact energy 499.96 / 500. (0.0079539781%)
t 0.001: p2 error [2.7e-06 0.003] sol [(-0.827194 0.561911) (-17.766221 -26.158728)] exact [(-0.827197 0.561912) (-17.769227 -26.158260)] energy/exact energy 499.959 / 500. (0.0082347093%)
t 0.001: p3 error [2.6e-06 0.0029] sol [(-0.790026 -0.613069) (19.389823 -24.982288)] exact [(-0.790028 -0.613070) (19.386991 -24.982886)] energy/exact energy 500.04 / 500. (0.0079938003%)
t 0.001: p4 error [3e-06 0.0037] sol [(0.338932 -0.940808) (29.751420 10.721661)] exact [(0.338933 -0.940811) (29.751046 10.717988)] energy/exact energy 500.05 / 500. (0.0100992813%)
t 0.001: p5 error [3.6e-07 0.00015] sol [(1.999875 0.022360) (-0.250147 22.359286)] exact [(1.999875 0.022360) (-0.249995 22.359282)] energy/exact energy 250. / 250. (0.0000514267%)
t 0.001: p6 error [1.8e-06 0.0029] sol [(0.596729 1.908902) (-21.342476 6.668703)] exact [(0.596730 1.908904) (-21.342194 6.671639)] energy/exact energy 249.986 / 250. (0.0054186074%)
t 0.001: p7 error [8.2e-07 0.0018] sol [(-1.631075 1.157408) (-12.939824 -18.234244)] exact [(-1.631076 1.157407) (-12.940206 -18.235983)] energy/exact energy 249.963 / 250. (0.0146584242%)
t 0.001: p8 error [8e-07 0.0017] sol [(-1.604789 -1.193587) (13.345086 -17.943788)] exact [(-1.604790 -1.193587) (13.344706 -17.942096)] energy/exact energy 250.035 / 250. (0.0141707646%)
t 0.001: p9 error [1.7e-06 0.0029] sol [(0.639261 -1.895083) (21.187335 7.149988)] exact [(0.639261 -1.895084) (21.187688 7.147157)] energy/exact energy 250.013 / 250. (0.0051006226%)
L_2 convergence rate: 0.00032
Time     Step Part     Energy
0.000000    0    0   500.0000
0.000000    0    1   500.0000
0.000000    0    2   500.0000
0.000000    0    3   500.0000
0.000000    0    4   500.0000
0.000000    0    5   250.0000
0.000000    0    6   250.0000
0.000000    0    7   250.0000
0.000000    0    8   250.0000
0.000000    0    9   250.0000
0.000500   50    0   500.0025
0.000500   50    1   499.9809
0.000500   50    2   499.9817
0.000500   50    3   500.0224
0.000500   50    4   500.0261
0.000500   50    5   250.0002
0.000500   50    6   249.9934
0.000500   50    7   249.9820
0.000500   50    8   250.0180
0.000500   50    9   250.0066
0.001000  100    0   500.0054
0.001000  100    1   499.9640
0.001000  100    2   499.9626
0.001000  100    3   500.0438
0.001000  100    4   500.0542
0.001000  100    5   250.0004
0.001000  100    6   249.9867
0.001000  100    7   249.9636
0.001000  100    8   250.0357
0.001000  100    9   250.0130
