wtype=0
iter =   0, Function value 315307., Residual: Inf 
iter =   1, Function value 315307., Residual: 260.946 
iter =   2, Function value 313340., Residual: 41756. 
iter =   3, Function value 313340., Residual: 11496.2 
iter =   4, Function value 313340., Residual: 6197.58 
iter =   5, Function value 307660., Residual: 18059.7 
iter =   6, Function value 306284., Residual: 10442.9 
iter =   7, Function value 306284., Residual: 7984.34 
iter =   8, Function value 305929., Residual: 25157.8 
iter =   9, Function value 305929., Residual: 6120.01 
iter =  10, Function value 305670., Residual: 15186.7 
iter =  11, Function value 305670., Residual: 3043.57 
iter =  12, Function value 305655., Residual: 496.633 
iter =  13, Function value 305609., Residual: 101.684 
iter =  14, Function value 305609., Residual: 145.318 
iter =  15, Function value 305609., Residual: 7.6317 
iter =  16, Function value 305592., Residual: 15.9532 
iter =  17, Function value 305592., Residual: 3.83567 
iter =  18, Function value 305589., Residual: 0.540002 
iter =  19, Function value 305588., Residual: 0.355417 
iter =  20, Function value 305588., Residual: 0.0916826 
iter =  21, Function value 305588., Residual: 0.0229506 
iter =  22, Function value 305588., Residual: 0.0093576 
iter =  23, Function value 305588., Residual: 0.000825169 
iter =  24, Function value 305588., Residual: 0.00296786 
iter =  25, Function value 305588., Residual: 0.00676085 
iter =  26, Function value 305588., Residual: 0.00168829 
iter =  27, Function value 305588., Residual: 0.00347923 
iter =  28, Function value 305588., Residual: 0.000867046 
iter =  29, Function value 305588., Residual: 0.0036881 
iter =  30, Function value 305588., Residual: 0.000932406 
iter =  31, Function value 305588., Residual: 0.000231672 
iter =  32, Function value 305588., Residual: 5.79111e-05 
iter =  33, Function value 305588., Residual: 0.000225803 
iter =  34, Function value 305588., Residual: 0.000932244 
iter =  35, Function value 305588., Residual: 0.000232894 
iter =  36, Function value 305588., Residual: 5.82255e-05 
iter =  37, Function value 305588., Residual: 0.000226159 
iter =  38, Function value 305588., Residual: 0.0009354 
iter =  39, Function value 305588., Residual: 0.000233702 
iter =  40, Function value 305588., Residual: 0.000973634 
iter =  41, Function value 305588., Residual: 0.000243027 
iter =  42, Function value 305588., Residual: 0.000874782 
iter =  43, Function value 305588., Residual: 0.00393829 
iter =  44, Function value 305588., Residual: 0.000998931 
iter =  45, Function value 305588., Residual: 0.000249005 
iter =  46, Function value 305588., Residual: 0.00104132 
iter =  47, Function value 305588., Residual: 0.000260608 
iter =  48, Function value 305588., Residual: 0.0010953 
iter =  49, Function value 305588., Residual: 0.000274038 
iter =  50, Function value 305588., Residual: 0.0009284 
iter =  51, Function value 305588., Residual: 0.000231934 
iter =  52, Function value 305588., Residual: 0.000963525 
iter =  53, Function value 305588., Residual: 0.000241063 
iter =  54, Function value 305588., Residual: 0.0010078 
iter =  55, Function value 305588., Residual: 0.000252096 
iter =  56, Function value 305588., Residual: 6.30693e-05 
iter =  57, Function value 305588., Residual: 0.000242002 
iter =  58, Function value 305588., Residual: 6.04821e-05 
iter =  59, Function value 305588., Residual: 0.000233309 
iter =  60, Function value 305588., Residual: 5.82686e-05 
iter =  61, Function value 305588., Residual: 0.000226251 
iter =  62, Function value 305588., Residual: 0.000934993 
iter =  63, Function value 305588., Residual: 0.00506511 
iter =  64, Function value 305588., Residual: 0.00125393 
iter =  65, Function value 305588., Residual: 0.00648272 
iter =  66, Function value 305588., Residual: 0.000885122 
iter =  67, Function value 305588., Residual: 0.00375683 
iter =  68, Function value 305588., Residual: 0.000957795 
iter =  69, Function value 305588., Residual: 0.000338369 
iter =  70, Function value 305588., Residual: 0.00115449 
iter =  71, Function value 305588., Residual: 0.00343836 
iter =  72, Function value 305588., Residual: 0.0202572 
iter =  73, Function value 305588., Residual: 0.00499147 
iter =  74, Function value 305588., Residual: 0.00122392 
iter =  75, Function value 305588., Residual: 0.000297317 
iter =  76, Function value 305588., Residual: 0.00116783 
iter =  77, Function value 305588., Residual: 0.00464226 
iter =  78, Function value 305588., Residual: 0.00247725 
iter =  79, Function value 305588., Residual: 0.00509094 
iter =  80, Function value 305588., Residual: 0.027018 
iter =  81, Function value 305588., Residual: 0.00657217 
iter =  82, Function value 305588., Residual: 0.000883614 
iter =  83, Function value 305588., Residual: 0.00392535 
iter =  84, Function value 305588., Residual: 0.00100362 
iter =  85, Function value 305588., Residual: 0.00508646 
iter =  86, Function value 305588., Residual: 0.00124657 
iter =  87, Function value 305588., Residual: 0.000307103 
iter =  88, Function value 305588., Residual: 0.00101545 
iter =  89, Function value 305588., Residual: 0.0050169 
iter =  90, Function value 305588., Residual: 0.00125281 
iter =  91, Function value 305588., Residual: 0.000313211 
iter =  92, Function value 305588., Residual: 0.00103374 
iter =  93, Function value 305588., Residual: 0.00512211 
iter =  94, Function value 305588., Residual: 0.00127929 
iter =  95, Function value 305588., Residual: 0.000319824 
iter =  96, Function value 305588., Residual: 0.00105344 
iter =  97, Function value 305588., Residual: 0.00522956 
iter =  98, Function value 305588., Residual: 0.00130619 
iter =  99, Function value 305588., Residual: 0.000326545 
iter = 100, Function value 305588., Residual: 0.00107437 
iter = 101, Function value 305588., Residual: 0.000268508 
Tao Object: 1 MPI processes
  type: pounders
      initial delta: 0.1
      final delta: 0.000390625
      model points: 7
      subproblem solver: blmvm
      total subproblem iterations: 412
  convergence tolerances: gatol=1e-05,   steptol=0.,   gttol=0.
  Residual in Function/Gradient:=0.000268508
  Objective value=305588.
  total number of iterations=101,                          (max: 100)
  total number of function evaluations=104,                  max: 4000
  Solver terminated: -2   Maximum Iterations
