wtype=1
iter =   0, Function value 315307., Residual: Inf 
iter =   1, Function value 315307., Residual: 260.946 
iter =   2, Function value 313340., Residual: 41756. 
iter =   3, Function value 313340., Residual: 11496.2 
iter =   4, Function value 313340., Residual: 6197.58 
iter =   5, Function value 307660., Residual: 18059.7 
iter =   6, Function value 306284., Residual: 10442.9 
iter =   7, Function value 306284., Residual: 7984.34 
iter =   8, Function value 305929., Residual: 25157.8 
iter =   9, Function value 305929., Residual: 6120.01 
iter =  10, Function value 305670., Residual: 15186.7 
iter =  11, Function value 305670., Residual: 3043.57 
iter =  12, Function value 305655., Residual: 496.633 
iter =  13, Function value 305609., Residual: 101.684 
iter =  14, Function value 305609., Residual: 145.318 
iter =  15, Function value 305609., Residual: 7.6317 
iter =  16, Function value 305592., Residual: 15.9532 
iter =  17, Function value 305592., Residual: 3.83567 
iter =  18, Function value 305589., Residual: 0.540002 
iter =  19, Function value 305588., Residual: 0.355417 
iter =  20, Function value 305588., Residual: 0.0916826 
iter =  21, Function value 305588., Residual: 0.0229506 
iter =  22, Function value 305588., Residual: 0.00263809 
iter =  23, Function value 305588., Residual: 0.00922365 
iter =  24, Function value 305588., Residual: 0.00233366 
iter =  25, Function value 305588., Residual: 0.00355402 
iter =  26, Function value 305588., Residual: 0.00106786 
iter =  27, Function value 305588., Residual: 0.000270014 
iter =  28, Function value 305588., Residual: 5.74179e-05 
iter =  29, Function value 305588., Residual: 0.000233944 
iter =  30, Function value 305588., Residual: 5.81448e-05 
iter =  31, Function value 305588., Residual: 0.000223232 
iter =  32, Function value 305588., Residual: 0.000918109 
iter =  33, Function value 305588., Residual: 0.00554572 
iter =  34, Function value 305588., Residual: 0.00137614 
iter =  35, Function value 305588., Residual: 0.00451429 
iter =  36, Function value 305588., Residual: 0.00111501 
iter =  37, Function value 305588., Residual: 0.00371511 
iter =  38, Function value 305588., Residual: 0.0214645 
iter =  39, Function value 305588., Residual: 0.00557073 
iter =  40, Function value 305588., Residual: 0.00117189 
iter =  41, Function value 305588., Residual: 0.000339838 
iter =  42, Function value 305588., Residual: 0.00111755 
iter =  43, Function value 305588., Residual: 0.00359803 
iter =  44, Function value 305588., Residual: 0.0139441 
iter =  45, Function value 305588., Residual: 0.0765984 
iter =  46, Function value 305588., Residual: 1.57165 
iter =  47, Function value 305588., Residual: 0.350278 
iter =  48, Function value 305588., Residual: 0.327797 
iter =  49, Function value 305588., Residual: 0.332402 
iter =  50, Function value 305588., Residual: 0.0762619 
iter =  51, Function value 305588., Residual: 0.0193275 
iter =  52, Function value 305588., Residual: 0.0220283 
iter =  53, Function value 305588., Residual: 0.00558726 
iter =  54, Function value 305588., Residual: 0.00139322 
iter =  55, Function value 305588., Residual: 0.000347785 
iter =  56, Function value 305588., Residual: 0.00114401 
iter =  57, Function value 305588., Residual: 0.000285803 
iter =  58, Function value 305588., Residual: 0.000960348 
iter =  59, Function value 305588., Residual: 0.000239749 
iter =  60, Function value 305588., Residual: 6.00047e-05 
iter =  61, Function value 305588., Residual: 0.000237627 
iter =  62, Function value 305588., Residual: 0.000818702 
iter =  63, Function value 305588., Residual: 0.000371492 
iter =  64, Function value 305588., Residual: 0.000870427 
iter =  65, Function value 305588., Residual: 0.00388688 
iter =  66, Function value 305588., Residual: 0.000969733 
iter =  67, Function value 305588., Residual: 0.000242325 
iter =  68, Function value 305588., Residual: 0.000875721 
iter =  69, Function value 305588., Residual: 0.00407108 
iter =  70, Function value 305588., Residual: 0.000985827 
iter =  71, Function value 305588., Residual: 0.000246171 
iter =  72, Function value 305588., Residual: 0.000903984 
iter =  73, Function value 305588., Residual: 0.00579907 
iter =  74, Function value 305588., Residual: 0.00142372 
iter =  75, Function value 305588., Residual: 0.00395155 
iter =  76, Function value 305588., Residual: 0.0315374 
iter =  77, Function value 305588., Residual: 0.00790997 
iter =  78, Function value 305588., Residual: 0.00197868 
iter =  79, Function value 305588., Residual: 0.00381191 
iter =  80, Function value 305588., Residual: 0.0286813 
iter =  81, Function value 305588., Residual: 0.00675767 
iter =  82, Function value 305588., Residual: 0.0017064 
iter =  83, Function value 305588., Residual: 0.00346133 
iter =  84, Function value 305588., Residual: 0.000871642 
iter =  85, Function value 305588., Residual: 0.000217293 
iter =  86, Function value 305588., Residual: 0.000966498 
iter =  87, Function value 305588., Residual: 0.000241844 
iter =  88, Function value 305588., Residual: 6.02305e-05 
iter =  89, Function value 305588., Residual: 0.000235835 
iter =  90, Function value 305588., Residual: 5.72017e-05 
iter =  91, Function value 305588., Residual: 0.000216291 
iter =  92, Function value 305588., Residual: 0.000817356 
iter =  93, Function value 305588., Residual: 0.000238517 
iter =  94, Function value 305588., Residual: 0.000959569 
iter =  95, Function value 305588., Residual: 0.000220638 
iter =  96, Function value 305588., Residual: 5.5234e-05 
iter =  97, Function value 305588., Residual: 0.000203393 
iter =  98, Function value 305588., Residual: 5.4205e-05 
iter =  99, Function value 305588., Residual: 0.000222406 
iter = 100, Function value 305588., Residual: 0.000912632 
iter = 101, Function value 305588., Residual: 0.000231634 
Tao Object: 1 MPI processes
  type: pounders
      initial delta: 0.1
      final delta: 0.000390625
      model points: 7
      subproblem solver: tron
      total subproblem iterations: 196
  convergence tolerances: gatol=1e-05,   steptol=0.,   gttol=0.
  Residual in Function/Gradient:=0.000231634
  Objective value=305588.
  total number of iterations=101,                          (max: 100)
  total number of function evaluations=104,                  max: 4000
  Solver terminated: -2   Maximum Iterations
